[mimik.com/index.html]
[backblue.gif]
[fade.gif]
[index.html]
[mimik.com/wp-includes/css/dist/components/style.minef10.css]
[mimik.com/wp-content/plugins/lottiefiles/build/lottiefiles-frontend.css3fec.css]
[fonts.googleapis.com/index.html]
[mimik.com/feed/index.html]
[mimik.com/wp-content/plugins/wp-job-openings/assets/css/general.min9bf7.css]
[mimik.com/wp-content/plugins/wp-job-openings/assets/css/style.min.39bf7.delayed]
[mimik.com/wp-content/themes/bricks/assets/css/frontend.min13dc.css]
[mimik.com/wp-content/themes/bricks-child/style0144.css]
[mimik.com/wp-content/themes/bricks/assets/css/libs/font-awesome-6-brands.min13dc.css]
[mimik.com/wp-content/themes/bricks/assets/css/libs/font-awesome-6.min13dc.css]
[mimik.com/comments/feed/index.html]
[mimik.com/wp-content/themes/bricks/assets/css/libs/ionicons.min13dc.css]
[mimik.com/wp-content/themes/bricks/assets/css/libs/themify-icons.min13dc.css]
[mimik.com/wp-content/uploads/2023/10/divw-node-_13504a3d-f441-64df-b436-067c955a174b-b49f6aaf-2-1-1.webp]
[mimik.com/wp-content/uploads/2023/07/Frame-195-1.png]
[mimik.com/wp-content/uploads/2023/06/div-2-1.png]
[mimik.com/wp-content/plugins/add-to-any/addtoany.mind47c.css]
[mimik.com/wp-content/plugins/cookie-law-info/lite/frontend/js/script.minee9a.js]
[static.addtoany.com/menu/page.js]
[mimik.com/wp-includes/js/jquery/jquery.minf43b.js]
[mimik.com/wp-includes/js/jquery/jquery-migrate.min5589.js]
[mimik.com/wp-content/plugins/add-to-any/addtoany.min4963.js]
[mimik.com/wp-content/plugins/lottiefiles/build/frontend-helper3fec.js]
[mimik.com/wp-json/index.html]
[mimik.com/xmlrpc0db0.php]
[mimik.com/wp-json/oembed/1.0/embed5ddc.json]
[mimik.com/wp-json/oembed/1.0/embed9032]
[mimik.com/wp-content/plugins/webp-express/js/picturefill.min.js]
[mimik.com/wp-content/uploads/2023/10/cropped-Favicon-mimik-Favicon-mimik-525 × 525-white-32x32.png]
[mimik.com/wp-content/uploads/2023/10/cropped-Favicon-mimik-Favicon-mimik-525 × 525-white-192x192.png]
[mimik.com/wp-content/uploads/2023/10/cropped-Favicon-mimik-Favicon-mimik-525 × 525-white-180x180.png]
[mimik.com/wp-content/uploads/2023/10/logo-mimik-white-gradient.png]
[mimik.com/products/index.html]
[mimik.com/sectors/automotive/index.html]
[mimik.com/sectors/industrial-automation/index.html]
[mimik.com/sectors/edgeai/index.html]
[mimik.com/wp-content/uploads/2023/10/logo-mimik-white-gradient-1.png]
[snap.licdn.com/li.lms-analytics/insight.min.js]
[mimik.com/category/blog/index.html]
[mimik.com/resources/index.html]
[mimik.com/wp-content/themes/bricks/assets/css/libs/splide.min13dc.css]
[mimik.com/category/whitepapers/index.html]
[mimik.com/wp-content/themes/bricks/assets/css/libs/animate.min13dc.css]
[mimik.com/category/news/index.html]
[mimik.com/our-events/index.html]
[mimik.com/about-mimik/index.html]
[mimik.com/meet-the-team/index.html]
[mimik.com/wp-includes/css/dist/block-library/style.minef10.css]
[mimik.com/awards/index.html]
[mimik.com/contact-us/index.html]
[mimik.com/clients/index.html]
[unpkg.com/@lottiefiles/lottie-player@1.5.5/dist/lottie-player.js]
[mimik.com/job-openings/index.html]
[mimik.com/wp-content/plugins/lottiefiles/build/lottiefiles-interactivity.js]
[mimik.com/request-a-demo/index.html]
[mimik.com/wp-content/plugins/wp-job-openings/assets/js/script.min9bf7.js]
[mimik.com/building-blocks-to-empower-cognitive-internet-with-hybrid-edgecloud/index.html]
[mimik.com/hec/index.html]
[mimik.com/bridging-worlds-hybrid-edge-cloud-and-distributed-ledger-reshaping-digital-services-knowledge-exchange/index.html]
[mimik.com/wp-content/themes/bricks/assets/js/bricks.min13dc.js]
[mimik.com/mimik-technology-and-blackberry-collaborate-to-accelerate-software-defined-vehicles/index.html]
[mimik.com/mimik-and-business-decision-partner-to-accelerate-adoption-of-industry-4-0-technologies/index.html]
[mimik.com/wp-content/plugins/particle-background-wp/includes/particles.minef10.js]
[mimik.com/mimik-collaborates-with-marelli-ces-2024/index.html]
[mimik.com/cathie-wood-joins-mimik-technologys-board-of-directors/index.html]
[mimik.com/wp-content/plugins/particle-background-wp/includes/css-particle-target001e.js]
[mimik.com/tttechauto-and-mimik-partnership-to-accelerate-software-defined-vehicles-and-smart-mobility/index.html]
[mimik.com/privacy-policy-2/index.html]
[mimik.com/terms-of-service/index.html]
[mimik.com/wp-content/themes/bricks/assets/js/libs/splide.mineda1.js]
[mimik.com/wp-content/plugins/bricksable/includes/elements/lottie/assets/js/frontend.mina491.js]
[js.hs-scripts.com/3070981.js]
[mimik.com/index.html]
[unpkg.com/index.html]
[static.addtoany.com/index.html]
[fonts.googleapis.com/index.html]
[js.hsforms.net/forms/embed/v23037.js]
[fonts.gstatic.com/index.html]
[fonts.googleapis.com/css2aa14.css]
[mimik.com/wp-json/wp/v2/pages/9.json]
[mimik.com/wp-content/uploads/2023/10/Frame-19-2-1-1.webp]
[mimik.com/wp-content/uploads/2023/09/Edge-engine-landig-page.webp]
[mimik.com/wp-content/uploads/2023/10/Future-of-hospital-1-1.webp]
[mimik.com/wp-json/oembed/1.0/embedfc2d.json]
[mimik.com/wp-json/oembed/1.0/embedcf72]
[mimik.com/products/index.html]
[mimik.com/wp-content/uploads/2023/10/Future-of-hospital-1-1024x613-1.webp]
[mimik.com/wp-content/uploads/2023/06/Group-119-1.png]
[mimik.com/wp-content/uploads/2023/06/Background.png]
[mimik.com/wp-json/oembed/1.0/embed1678.json]
[mimik.com/wp-json/oembed/1.0/embed37d8]
[mimik.com/wp-content/uploads/2023/10/Frame-19-4-1.webp]
[mimik.com/sectors/automotive/index.html]
[mimik.com/wp-json/oembed/1.0/embed6ee3.json]
[mimik.com/wp-json/oembed/1.0/embedf2ec]
[mimik.com/sectors/industrial-automation/index.html]
[mimik.com/wp-json/oembed/1.0/embed8056.json]
[mimik.com/wp-json/oembed/1.0/embede6b1]
[mimik.com/sectors/edgeai/index.html]
[mimik.com/index288c.html]
[mimik.com/index92fd.html]
[mimik.com/indexfcf2.html]
[mimik.com/index7ff0.html]
[mimik.com/index9c2d.html]
[mimik.com/wp-content/uploads/2023/11/Resources.webp]
[mimik.com/wp-content/plugins/cookie-law-info/lite/frontend/js/script.mine1e3.js]
[mimik.com/wp-json/oembed/1.0/embed0fab.json]
[mimik.com/wp-json/oembed/1.0/embed48bb]
[mimik.com/endpoint-device-security-the-missing-link-in-sase/index.html]
[mimik.com/the-four-stages-of-edge-ai/index.html]
[mimik.com/blog/index.html]
[mimik.com/mec-mimik-one-plus-one-equals-eleven/index.html]
[mimik.com/mimik-appoints-simon-edelhaus/index.html]
[mimik.com/hybrid-edge-cloud-a-pragmatic-approach-for-decentralized-cloud-computing/index.html]
[mimik.com/resources/index.html]
[mimik.com/our-events/api-world-2023-meet-mimik-cto-michel-burger-2/index.html]
[mimik.com/mimiks-platform-adopted-by-marelli/index.html]
[mimik.com/our-events/meet-mimik-team-at-ces-2024/index.html]
[js.hsforms.net/forms/embed/v27ad2.js]
[mimik.com/our-events/virtual-api-world-2023-michel-burger/index.html]
[mimik.com/wp-content/uploads/2023/10/blog-hero-1-1.webp]
[mimik.com/category/blog/index.html]
[mimik.com/category/blog/feed/index.html]
[mimik.com/category/blog/page/2/index.html]
[mimik.com/beyond-boundaries/index.html]
[mimik.com/mimik-for-digital-twin/index.html]
[mimik.com/harnessing-the-power-of-hybrid-edge-cloud-revolutionizing-app-development-with-mimik/index.html]
[mimik.com/understanding-the-limits-of-replication-and-redundancy-under-edge-architectures/index.html]
[mimik.com/wp-content/uploads/2023/12/MicrosoftTeams-image-1.webp]
[mimik.com/category/whitepapers/index.html]
[mimik.com/the-journey-to-autonomy-unleashing-the-power-within/index.html]
[mimik.com/a-primer-to-geolocation-detection-on-the-edge/index.html]
[mimik.com/understanding-the-limitations-of-using-kubernetes-at-the-edge/index.html]
[mimik.com/taking-a-device-centric-approach-to-edge-computing/index.html]
[mimik.com/the-autonomous-world-is-horizontal-not-vertical/index.html]
[mimik.com/how-to-address-safety-and-security-for-software-defined-vehicles/index.html]
[mimik.com/unlocking-the-next-gen-of-apps-for-the-hyper-connected-world/index.html]
[mimik.com/category/blog/page/3/index.html]
[mimik.com/wp-content/uploads/2023/12/MicrosoftTeams-image-2.webp]
[mimik.com/how-to-make-way-for-the-hybrid-edge-cloud-in-your-digital-transformation-2/index.html]
[mimik.com/category/news/index.html]
[mimik.com/category/blog/page/10/index.html]
[mimik.com/three-tech-industry-trends-to-watch-2/index.html]
[mimik.com/using-mimik-hybrid-edge-cloud-with-aws-greengrass/index.html]
[mimik.com/wp-content/uploads/2023/10/MicrosoftTeams-image-1-3.png]
[mimik.com/cloud-decentralization-trustless-revolution/index.html]
[mimik.com/application-of-mimik-decentralized-edge-cloud-plattform-for-manufacturing/index.html]
[mimik.com/category/whitepapers/feed/index.html]
[mimik.com/as-network-chokes/index.html]
[mimik.com/category/news/page/2/index.html]
[mimik.com/digital-freedom/index.html]
[mimik.com/category/news/feed/index.html]
[mimik.com/tata-elxsi-and-mimik-technology-partner-to-deliver-5g-services-forindustry-4-0-automotive-media-distribution-solutions/index.html]
[mimik.com/mimik-edgeengine-the-essential-bridge-to-the-open-horizon-solution/index.html]
[mimik.com/mimik-academy-celebrates-its-3rd-year-anniversary/index.html]
[mimik.com/wp-json/oembed/1.0/embedad2d.json]
[mimik.com/mimik-day/index.html]
[mimik.com/do-the-right-thing-all-the-timean-interview-with-siavash-alamouti/index.html]
[mimik.com/democratizing-internet-access-2022-marconi-prize-awarded-to-wireless-innovator-siavash-alamouti/index.html]
[mimik.com/wp-json/oembed/1.0/embed5570]
[mimik.com/our-events/index.html]
[mimik.com/mimik-executive-chairman-siavash-alamouti-awarded-prestigious-2022-marconi-prize/index.html]
[mimik.com/mimik-technology-and-claysol-media-labs-partner/index.html]
[mimik.com/mimik-technology-closes-14-3-million-extended-series-a-funding-round-led-by-pier-88/index.html]
[mimik.com/mimik-technology-joins-lf-edge-community-in-collaboration-with-open-horizon/index.html]
[mimik.com/mimik-microservices/index.html]
[mimik.com/category/news/page/3/index.html]
[mimik.com/wp-content/uploads/2023/10/MicrosoftTeams-image-1-1.webp]
[mimik.com/our-events/fay-at-global-semiconductor-and-electronics-forum-2023/index.html]
[mimik.com/category/news/page/5/index.html]
[mimik.com/wp-content/uploads/2023/10/Features-111-1-1.webp]
[mimik.com/our-events/5g-verizon-event/index.html]
[mimik.com/our-events/discover-hybrid-edgecloud-application-in-business-and-it/index.html]
[mimik.com/our-events/entrepreneurship-innovation-ieee-5g-forum/index.html]
[mimik.com/our-events/idg-korea-edge-computing-summit-2021-event/index.html]
[mimik.com/our-events/fay-arjomandi-11-with-cathie-wood/index.html]
[mimik.com/our-events/mec-mimik-paper-at-ieee-5g-world-forum-2021/index.html]
[mimik.com/our-events/singularity-university-of-south-africa-summit-2021/index.html]
[mimik.com/wp-json/oembed/1.0/embeda344.json]
[mimik.com/our-events/edge-computing-ai-summit-2021/index.html]
[mimik.com/our-events/observations-on-decentralization/index.html]
[mimik.com/our-events/open-networking-edge-summit/index.html]
[mimik.com/wp-json/oembed/1.0/embed849e]
[mimik.com/about-mimik/index.html]
[mimik.com/our-events/montreal-digital-book-2020/index.html]
[mimik.com/our-events/montreal-digital-book-2021/index.html]
[mimik.com/our-events/state-of-the-stack-2021/index.html]
[mimik.com/our-events/edge-computing-world-2020/index.html]
[mimik.com/wp-content/uploads/2023/09/Meet-the-team.webp]
[mimik.com/wp-json/oembed/1.0/embed87b3.json]
[mimik.com/wp-json/oembed/1.0/embed8da0]
[mimik.com/meet-the-team/index.html]
[mimik.com/team-member/siavash-alamouti/index.html]
[mimik.com/team-member/fay-arjomandi-2/index.html]
[mimik.com/team-member/catherine-d-wood/index.html]
[mimik.com/team-member/ori-sasson/index.html]
[mimik.com/wp-content/uploads/2023/09/MicrosoftTeams-image-1.png]
[mimik.com/team-member/allen-salmasi/index.html]
[mimik.com/team-member/faraj-aalaei/index.html]
[mimik.com/wp-json/oembed/1.0/embed5116.json]
[mimik.com/wp-json/oembed/1.0/embed6c22]
[mimik.com/awards/index.html]
[mimik.com/wp-content/uploads/2023/11/MicrosoftTeams-image-2.webp]
[mimik.com/wp-json/oembed/1.0/embed081e.json]
[mimik.com/wp-json/oembed/1.0/embed0b60]
[mimik.com/clients/index.html]
[mimik.com/wp-content/uploads/2023/12/MicrosoftTeams-image.webp]
[mimik.com/wp-json/oembed/1.0/embed6f7b.json]
[mimik.com/wp-json/oembed/1.0/embedbcd5]
[mimik.com/job-openings/index.html]
[mimik.com/jobs/senior-software-development-engineer-in-test-sdet/index.html]
[mimik.com/jobs/senior-android-app-developer/index.html]
[mimik.com/jobs/full-stack-developer/index.html]
[mimik.com/jobs/senior-ios-app-developer/index.html]
[mimik.com/wp-json/oembed/1.0/embed2b1d.json]
[mimik.com/jobs/__trashed/index.html]
[mimik.com/jobs/senior-c-unreal-game-programmer/index.html]
[mimik.com/jobs/developer-community-lead/index.html]
[mimik.com/wp-json/oembed/1.0/embedfcbd]
[mimik.com/contact-us/index.html]
[mimik.com/jobs/agile-project-manager/index.html]
[mimik.com/index45cf.html]
[mimik.com/jobs/qa-lead/index.html]
[mimik.com/jobs/product-management-leader/index.html]
[mimik.com/wp-json/oembed/1.0/embed9f44.json]
[mimik.com/wp-json/oembed/1.0/embed298d]
[mimik.com/request-a-demo/index.html]
[mimik.com/wp-json/oembed/1.0/embede278.json]
[mimik.com/wp-json/oembed/1.0/embed6911]
[mimik.com/hec/index.html]
[mimik.com/_https_/mimik.com/wp-content/uploads/2023/09/what-is-edge-engine-2.html]
[mimik.com/transparent.html]
[mimik.com/wp-json/oembed/1.0/embed5ea3.json]
[mimik.com/wp-json/oembed/1.0/embed70f3]
[mimik.com/building-blocks-to-empower-cognitive-internet-with-hybrid-edgecloud/index.html]
[mimik.com/author/kimiar/index.html]
[mimik.com/wp-json/oembed/1.0/embed0472.json]
[mimik.com/wp-json/oembed/1.0/embed14b6]
[mimik.com/wp-content/uploads/2024/01/1_7BYc61PxfhqS1sFNoPRj8g-1024x933.webp]
[mimik.com/bridging-worlds-hybrid-edge-cloud-and-distributed-ledger-reshaping-digital-services-knowledge-exchange/index.html]
[mimik.com/author/siavash/index.html]
[mimik.com/house-of-commons-of-canada-on-the-outbreak-of-the-corona-virus-w-google-mimik-ibm-short-ver/index.html]
[mimik.com/will-decentralisation-help-bring-silicon-valley-back-to-its-roots/index.html]
[mimik.com/wp-json/oembed/1.0/embed2830.json]
[mimik.com/wp-json/oembed/1.0/embed1785]
[mimik.com/mimik-collaborates-with-marelli-ces-2024/index.html]
[mimik.com/mimik-improves-h2-wellnesss-profit-margins-with-hybrid-edge-cloud/index.html]
[mimik.com/author/mimik/index.html]
[mimik.com/privacy-concerns-about-covid-tracing-app-2/index.html]
[mimik.com/b-c-contact-tracing-app-tackles-canadians-privacy-concerns/index.html]
[mimik.com/wp-json/oembed/1.0/embed555b.json]
[mimik.com/wp-json/oembed/1.0/embed260d]
[mimik.com/mimik-technology-and-blackberry-collaborate-to-accelerate-software-defined-vehicles/index.html]
[mimik.com/wp-json/oembed/1.0/embed8d50.json]
[mimik.com/wp-json/oembed/1.0/embed9962]
[mimik.com/cathie-wood-joins-mimik-technologys-board-of-directors/index.html]
[mimik.com/wp-json/oembed/1.0/embedbcee.json]
[mimik.com/wp-json/oembed/1.0/embed29a8]
[mimik.com/mimik-and-business-decision-partner-to-accelerate-adoption-of-industry-4-0-technologies/index.html]
[mimik.com/mimik.com/mimiks-platform-adopted-by-marelli/index.html]
[mimik.com/wp-json/oembed/1.0/embed6535.json]
[mimik.com/wp-json/oembed/1.0/embedd9d6]
[mimik.com/tttechauto-and-mimik-partnership-to-accelerate-software-defined-vehicles-and-smart-mobility/index.html]
[mimik.com/wp-content/themes/bricks/assets/css/frontend/content-default.min13dc.css]
[mimik.com/wp-json/oembed/1.0/embed3c1c.json]
[mimik.com/wp-json/oembed/1.0/embed7b0d]
[mimik.com/privacy-policy-2/index.html]
[mimik.com/wp-json/oembed/1.0/embed88c5.json]
[mimik.com/wp-json/oembed/1.0/embeddebd]
[mimik.com/terms-of-service/index.html]
[px.ads.linkedin.com/collect/index5f25.html]
[mimik.com/wp-json/wp/v2/pages/11.json]
[mimik.com/index5757.html]
[mimik.com/wp-json/wp/v2/pages/146.json]
[mimik.com/indexf488.html]
[mimik.com/wp-json/wp/v2/pages/4403.json]
[mimik.com/index972a.html]
[mimik.com/wp-json/wp/v2/pages/81950.json]
[mimik.com/indexc525.html]
[mimik.com/wp-json/wp/v2/pages/1248.json]
[mimik.com/indexfc76.html]
[mimik.com/wp-content/uploads/2023/09/blog-hero-1.png]
[mimik.com/wp-json/oembed/1.0/embed9738.json]
[mimik.com/wp-json/oembed/1.0/embedb274]
[mimik.com/blog/index.html]
[mimik.com/open-networking-edge-summit/index.html]
[mimik.com/observations-on-decentralization/index.html]
[mimik.com/category/events/index.html]
[mimik.com/blog/page/2/index.html]
[mimik.com/blog/page/3/index.html]
[mimik.com/wp-json/oembed/1.0/embed0a7a.json]
[mimik.com/blog/page/8/index.html]
[mimik.com/wp-json/oembed/1.0/embed49c3]
[mimik.com/the-four-stages-of-edge-ai/index.html]
[mimik.com/author/michel/index.html]
[mimik.com/wp-json/oembed/1.0/embedff73.json]
[mimik.com/wp-json/oembed/1.0/embed70eb]
[mimik.com/endpoint-device-security-the-missing-link-in-sase/index.html]
[mimik.com/category/technical-blog.html]
[mimik.com/case-studies/index.html]
[mimik.com/mec-mimik-paper-at-ieee-5g-world-forum-2021/index.html]
[mimik.com/wp-json/oembed/1.0/embed54a3.json]
[mimik.com/wp-json/oembed/1.0/embed91b6]
[mimik.com/hybrid-edge-cloud-a-pragmatic-approach-for-decentralized-cloud-computing/index.html]
[mimik.com/wp-json/oembed/1.0/embed7ade.json]
[mimik.com/wp-json/oembed/1.0/embed326f]
[mimik.com/mec-mimik-one-plus-one-equals-eleven/index.html]
[mimik.com/wp-json/oembed/1.0/embed4edc.json]
[mimik.com/wp-json/oembed/1.0/embed6ed8]
[mimik.com/mimik-appoints-simon-edelhaus/index.html]
[mimik.com/wp-json/oembed/1.0/embed8971.json]
[mimik.com/wp-json/oembed/1.0/embed28f2]
[mimik.com/mimiks-platform-adopted-by-marelli/index.html]
[mimik.com/wp-json/oembed/1.0/embeda6af.json]
[mimik.com/wp-json/oembed/1.0/embed872c]
[mimik.com/wp-content/themes/bricks/assets/css/libs/tooltips.min13dc.css]
[mimik.com/our-events/meet-mimik-team-at-ces-2024/index.html]
[mimik.com/wp-json/oembed/1.0/embedb7c5.json]
[mimik.com/wp-json/oembed/1.0/embed72b3]
[mimik.com/our-events/api-world-2023-meet-mimik-cto-michel-burger-2/index.html]
[mimik.com/wp-json/oembed/1.0/embed0f3f.json]
[mimik.com/wp-json/oembed/1.0/embeddf16]
[mimik.com/our-events/virtual-api-world-2023-michel-burger/index.html]
[mimik.com/category/blog/page/2/index.html]
[mimik.com/wp-json/wp/v2/categories/61.json]
[mimik.com/wp-json/oembed/1.0/embedc6c6.json]
[mimik.com/wp-json/oembed/1.0/embed5920]
[mimik.com/wp-content/uploads/2024/01/img-01.jpg]
[mimik.com/wp-content/uploads/2024/01/img-02.jpg]
[mimik.com/wp-content/uploads/2024/01/img-03.jpg]
[mimik.com/wp-content/uploads/2024/01/img-04.jpg]
[mimik.com/wp-content/uploads/2024/01/img-05.jpg]
[mimik.com/wp-content/uploads/2024/01/img-06-1024x520.jpg]
[mimik.com/beyond-boundaries/index.html]
[mimik.com/wp-json/oembed/1.0/embed6173.json]
[mimik.com/wp-json/oembed/1.0/embed9461]
[mimik.com/mimik-for-digital-twin/index.html]
[mimik.com/wp-json/oembed/1.0/embed7373.json]
[mimik.com/wp-json/oembed/1.0/embed89b6]
[mimik.com/harnessing-the-power-of-hybrid-edge-cloud-revolutionizing-app-development-with-mimik/index.html]
[mimik.com/author/fay/index.html]
[mimik.com/wp-json/oembed/1.0/embed9456.json]
[mimik.com/wp-json/oembed/1.0/embed79aa]
[mimik.com/the-journey-to-autonomy-unleashing-the-power-within/index.html]
[mimik.com/wp-json/oembed/1.0/embedeb40.json]
[mimik.com/wp-json/oembed/1.0/embed6db1]
[www.vishay.com/docs/48708/ig18692481_vacuum_cleaner_robots.pdf]
[mimik.com/author/bob/index.html]
[mimik.com/a-primer-to-geolocation-detection-on-the-edge/index.html]
[mimik.com/wp-json/oembed/1.0/embedbde2.json]
[mimik.com/wp-json/oembed/1.0/embed8705]
[mimik.com/understanding-the-limits-of-replication-and-redundancy-under-edge-architectures/index.html]
[mimik.com/wp-json/oembed/1.0/embed03a4.json]
[mimik.com/wp-json/oembed/1.0/embed56a6]
[mimik.com/understanding-the-limitations-of-using-kubernetes-at-the-edge/index.html]
[mimik.com/wp-json/oembed/1.0/embedac24.json]
[mimik.com/wp-json/oembed/1.0/embed8b88]
[mimik.com/taking-a-device-centric-approach-to-edge-computing/index.html]
[mimik.com/wp-json/oembed/1.0/embed2e1a.json]
[mimik.com/wp-json/oembed/1.0/embed74aa]
[s316.podbean.com/pb/883c8837c003a2fbf6f63dc1850b0ef0/665452c8/data4/fs149/8587198/uploads/66_Unlocking_the_Nextgen_Apps_For_the_Hyper-Connected_World6arnk193c.mp3]
[mimik.com/unlocking-the-next-gen-of-apps-for-the-hyper-connected-world/index.html]
[mimik.com/wp-json/oembed/1.0/embedf62e.json]
[mimik.com/wp-json/oembed/1.0/embed7a9c]
[mimik.com/how-to-address-safety-and-security-for-software-defined-vehicles/index.html]
[mimik.com/wp-json/oembed/1.0/embed87b5.json]
[mimik.com/wp-json/oembed/1.0/embede377]
[mimik.com/the-autonomous-world-is-horizontal-not-vertical/index.html]
[mimik.com/wp-json/oembed/1.0/embedf813.json]
[mimik.com/wp-json/oembed/1.0/embede28d]
[mimik.com/three-tech-industry-trends-to-watch-2/index.html]
[mimik.com/wp-json/oembed/1.0/embedd3c2.json]
[mimik.com/wp-json/oembed/1.0/embedc18f]
[mimik.com/how-to-make-way-for-the-hybrid-edge-cloud-in-your-digital-transformation-2/index.html]
[mimik.com/category/blog/page/3/index.html]
[mimik.com/category/blog/page/10/index.html]
[mimik.com/wp-json/wp/v2/categories/56.json]
[mimik.com/wp-json/oembed/1.0/embedb3c5.json]
[mimik.com/wp-json/oembed/1.0/embedb70b]
[mimik.com/wp-content/plugins/wonderplugin-pdf-embed/pdfjslight/web/viewerd1cd.html]
[mimik.com/using-mimik-hybrid-edge-cloud-with-aws-greengrass/index.html]
[mimik.com/wp-json/oembed/1.0/embedb51b.json]
[mimik.com/wp-json/oembed/1.0/embed7fe7]
[mimik.com/wp-content/plugins/wonderplugin-pdf-embed/pdfjslight/web/viewer24d3.html]
[mimik.com/application-of-mimik-decentralized-edge-cloud-plattform-for-manufacturing/index.html]
[mimik.com/wp-json/oembed/1.0/embede76b.json]
[mimik.com/wp-json/oembed/1.0/embed0653]
[mimik.com/wp-content/plugins/wonderplugin-pdf-embed/pdfjslight/web/viewer8f43.html]
[mimik.com/cloud-decentralization-trustless-revolution/index.html]
[mimik.com/wp-json/oembed/1.0/embedf968.json]
[mimik.com/wp-json/oembed/1.0/embed2970]
[mimik.com/wp-content/uploads/2017/07/Internet-of-Things-e1500543184890.png]
[mimik.com/wp-content/uploads/2024/01/mimikedgedeviceextending-1024x445.png]
[mimik.com/wp-content/uploads/2024/01/socialmedia-mimik-google-09-e1500544134677-768x748-1.jpg]
[mimik.com/as-network-chokes/index.html]
[mimik.com/wp-json/oembed/1.0/embed54dc.json]
[mimik.com/wp-json/oembed/1.0/embed3d4c]
[mimik.com/wp-content/uploads/2024/01/PRISM-collection-details.jpg]
[mimik.com/wp-content/uploads/2024/01/dfm2.png]
[mimik.com/wp-content/uploads/2024/01/dfm3.jpg]
[mimik.com/digital-freedom/index.html]
[mimik.com/category/news/page/2/index.html]
[mimik.com/wp-json/wp/v2/categories/52.json]
[mimik.com/wp-json/oembed/1.0/embedd4a5.json]
[mimik.com/wp-json/oembed/1.0/embed5524]
[mimik.com/mimik-academy-celebrates-its-3rd-year-anniversary/index.html]
[mimik.com/wp-json/oembed/1.0/embed469f.json]
[mimik.com/wp-json/oembed/1.0/embed683a]
[mimik.com/tata-elxsi-and-mimik-technology-partner-to-deliver-5g-services-forindustry-4-0-automotive-media-distribution-solutions/index.html]
[mimik.com/wp-json/oembed/1.0/embed1cf5.json]
[mimik.com/wp-json/oembed/1.0/embed533d]
[mimik.com/mimik-edgeengine-the-essential-bridge-to-the-open-horizon-solution/index.html]
[mimik.com/wp-json/oembed/1.0/embed25dd.json]
[mimik.com/wp-json/oembed/1.0/embeddc8e]
[mimik.com/mimik-day/index.html]
[mimik.com/wp-json/oembed/1.0/embedc083.json]
[mimik.com/wp-json/oembed/1.0/embed1b40]
[mimik.com/do-the-right-thing-all-the-timean-interview-with-siavash-alamouti/index.html]
[mimik.com/wp-json/oembed/1.0/embedcde5.json]
[mimik.com/wp-json/oembed/1.0/embedca2b]
[mimik.com/democratizing-internet-access-2022-marconi-prize-awarded-to-wireless-innovator-siavash-alamouti/index.html]
[mimik.com/wp-json/oembed/1.0/embed1d15.json]
[mimik.com/wp-json/oembed/1.0/embedadb0]
[mimik.com/mimik-executive-chairman-siavash-alamouti-awarded-prestigious-2022-marconi-prize/index.html]
[mimik.com/wp-json/oembed/1.0/embede005.json]
[mimik.com/wp-json/oembed/1.0/embed2760]
[mimik.com/mimik-technology-joins-lf-edge-community-in-collaboration-with-open-horizon/index.html]
[mimik.com/wp-json/oembed/1.0/embed47a2.json]
[mimik.com/wp-json/oembed/1.0/embed30ff]
[mimik.com/mimik-technology-and-claysol-media-labs-partner/index.html]
[mimik.com/wp-json/oembed/1.0/embed1237.json]
[mimik.com/wp-json/oembed/1.0/embedb070]
[mimik.com/mimik-technology-closes-14-3-million-extended-series-a-funding-round-led-by-pier-88/index.html]
[mimik.com/category/news/page/3/index.html]
[mimik.com/category/news/page/5/index.html]
[mimik.com/wp-json/wp/v2/pages/80962.json]
[mimik.com/index195b.html]
[mimik.com/wp-json/oembed/1.0/embed3c5b.json]
[mimik.com/wp-json/oembed/1.0/embed580e]
[mimik.com/our-events/fay-at-global-semiconductor-and-electronics-forum-2023/index.html]
[mimik.com/wp-json/oembed/1.0/embedc168.json]
[mimik.com/wp-json/oembed/1.0/embed07c4]
[mimik.com/wp-content/uploads/2021/03/fay-arjomandi.png]
[mimik.com/wp-content/uploads/2021/03/valerie-clark.png]
[mimik.com/wp-content/uploads/2021/03/indrani-deb.png]
[mimik.com/wp-content/uploads/2021/03/joshua-ness.png]
[mimik.com/our-events/5g-verizon-event/index.html]
[mimik.com/wp-json/oembed/1.0/embeda4af.json]
[mimik.com/wp-json/oembed/1.0/embed90dd]
[mimik.com/wp-content/uploads/2021/03/fay-rojmandi-webinar.png]
[mimik.com/wp-content/uploads/2021/03/mainshah.png]
[mimik.com/wp-content/uploads/2021/03/rob-high.png]
[mimik.com/wp-content/uploads/2021/03/michelburger.png]
[mimik.com/our-events/discover-hybrid-edgecloud-application-in-business-and-it/index.html]
[mimik.com/wp-json/oembed/1.0/embed5947.json]
[mimik.com/wp-json/oembed/1.0/embed64cf]
[mimik.com/our-events/entrepreneurship-innovation-ieee-5g-forum/index.html]
[mimik.com/wp-json/oembed/1.0/embed7169.json]
[mimik.com/wp-json/oembed/1.0/embede518]
[mimik.com/wp-content/uploads/2021/06/Group-115@2x-1.png]
[mimik.com/wp-content/uploads/2021/06/CathieWood@2x-1.png]
[mimik.com/our-events/fay-arjomandi-11-with-cathie-wood/index.html]
[mimik.com/wp-json/oembed/1.0/embedb044.json]
[mimik.com/wp-json/oembed/1.0/embedc2ca]
[mimik.com/wp-content/uploads/2021/03/fay-rojmandi-1-683x1024.jpg]
[mimik.com/our-events/idg-korea-edge-computing-summit-2021-event/index.html]
[mimik.com/wp-json/oembed/1.0/embed6117.json]
[mimik.com/wp-json/oembed/1.0/embedf0df]
[mimik.com/our-events/mec-mimik-paper-at-ieee-5g-world-forum-2021/index.html]
[mimik.com/wp-json/oembed/1.0/embedd42c.json]
[mimik.com/wp-json/oembed/1.0/embed908f]
[mimik.com/our-events/singularity-university-of-south-africa-summit-2021/index.html]
[mimik.com/wp-json/oembed/1.0/embedf2b4.json]
[mimik.com/wp-json/oembed/1.0/embed5bec]
[mimik.com/our-events/observations-on-decentralization/index.html]
[mimik.com/wp-json/oembed/1.0/embed572a.json]
[mimik.com/wp-json/oembed/1.0/embed290a]
[mimik.com/wp-content/uploads/2021/03/zdeda-1024x108.png]
[mimik.com/wp-content/uploads/2021/03/sam-armani.png]
[mimik.com/wp-content/uploads/2021/03/nitu-kaushal.png]
[mimik.com/wp-content/uploads/2021/03/jason.png]
[mimik.com/wp-content/uploads/2021/03/vera.png]
[mimik.com/wp-content/uploads/2021/03/lladiko.png]
[mimik.com/wp-content/uploads/2021/03/nutukaushal.png]
[mimik.com/wp-content/uploads/2021/03/andreay.png]
[mimik.com/our-events/edge-computing-ai-summit-2021/index.html]
[mimik.com/wp-json/oembed/1.0/embed8273.json]
[mimik.com/wp-json/oembed/1.0/embed4083]
[mimik.com/our-events/open-networking-edge-summit/index.html]
[mimik.com/wp-json/oembed/1.0/embed580b.json]
[mimik.com/wp-json/oembed/1.0/embed24b6]
[mimik.com/wp-content/uploads/2021/08/StephanieAtkinson-1.png]
[mimik.com/wp-content/uploads/2021/08/SamArmani.png]
[mimik.com/wp-content/uploads/2021/08/Sanjaykumar.png]
[mimik.com/wp-content/uploads/2021/08/MattTrifiro-.png]
[mimik.com/our-events/state-of-the-stack-2021/index.html]
[mimik.com/wp-json/oembed/1.0/embed9a09.json]
[mimik.com/wp-json/oembed/1.0/embedec77]
[mimik.com/wp-content/uploads/2020/10/fay-arjomandi.png]
[mimik.com/wp-content/uploads/2020/10/mamadou.png]
[mimik.com/wp-content/uploads/2020/10/anne.png]
[mimik.com/wp-content/uploads/2020/10/lior.png]
[mimik.com/our-events/montreal-digital-book-2020/index.html]
[mimik.com/wp-json/oembed/1.0/embedf453.json]
[mimik.com/wp-json/oembed/1.0/embed84d0]
[mimik.com/wp-content/uploads/2021/10/mimik-mtl-michel-patrick-rob-web-banner-1808x506-1-1024x286.png]
[mimik.com/wp-content/uploads/2021/10/web-banner-fay-cathie-kami-v3-1024x287.png]
[mimik.com/our-events/montreal-digital-book-2021/index.html]
[mimik.com/wp-json/oembed/1.0/embed03bd.json]
[mimik.com/wp-json/oembed/1.0/embed5557]
[mimik.com/wp-content/uploads/2020/10/mimik-1-1024x1024.png]
[mimik.com/wp-content/uploads/2020/10/cto-1.png]
[mimik.com/our-events/edge-computing-world-2020/index.html]
[mimik.com/wp-json/wp/v2/pages/17.json]
[mimik.com/indexd8eb.html]
[mimik.com/wp-json/wp/v2/pages/239.json]
[mimik.com/index1639.html]
[mimik.com/wp-json/oembed/1.0/embed5769.json]
[mimik.com/wp-json/oembed/1.0/embed3373]
[mimik.com/team-member/fay-arjomandi-2/index.html]
[mimik.com/wp-json/oembed/1.0/embed64fb.json]
[mimik.com/wp-json/oembed/1.0/embed36fe]
[mimik.com/team-member/siavash-alamouti/index.html]
[mimik.com/wp-json/oembed/1.0/embed51e4.json]
[mimik.com/wp-json/oembed/1.0/embed8d94]
[mimik.com/team-member/catherine-d-wood/index.html]
[mimik.com/wp-json/oembed/1.0/embeddcf9.json]
[mimik.com/wp-json/oembed/1.0/embed5c5a]
[mimik.com/team-member/ori-sasson/index.html]
[mimik.com/wp-json/oembed/1.0/embedd5da.json]
[mimik.com/wp-json/oembed/1.0/embedeea9]
[mimik.com/team-member/faraj-aalaei/index.html]
[mimik.com/wp-json/oembed/1.0/embed3f84.json]
[mimik.com/wp-json/oembed/1.0/embed9277]
[mimik.com/team-member/allen-salmasi/index.html]
[mimik.com/wp-json/wp/v2/pages/1651.json]
[mimik.com/indexd15f.html]
[mimik.com/wp-json/wp/v2/pages/1322.json]
[mimik.com/index7d05.html]
[mimik.com/wp-json/wp/v2/pages/254.json]
[mimik.com/index6233.html]
[www.google.com/recaptcha/apid5f7.js]
[www.google.com/index.html]
[mimik.com/wp-json/oembed/1.0/embede838.json]
[mimik.com/wp-json/oembed/1.0/embeddb64]
[mimik.com/jobs/full-stack-developer/index.html]
[mimik.com/wp-json/oembed/1.0/embed65de.json]
[mimik.com/wp-json/oembed/1.0/embed55bc]
[mimik.com/jobs/senior-software-development-engineer-in-test-sdet/index.html]
[mimik.com/wp-json/oembed/1.0/embed5a32.json]
[mimik.com/wp-json/oembed/1.0/embed40c3]
[mimik.com/jobs/senior-ios-app-developer/index.html]
[mimik.com/wp-json/oembed/1.0/embed17eb.json]
[mimik.com/wp-json/oembed/1.0/embedac6a]
[mimik.com/jobs/senior-android-app-developer/index.html]
[mimik.com/wp-json/oembed/1.0/embed08e6.json]
[mimik.com/wp-json/oembed/1.0/embed1d80]
[mimik.com/jobs/developer-community-lead/index.html]
[mimik.com/wp-json/oembed/1.0/embed7a71.json]
[mimik.com/wp-json/oembed/1.0/embedfb52]
[mimik.com/jobs/__trashed/index.html]
[mimik.com/wp-json/oembed/1.0/embed4ec5.json]
[mimik.com/wp-json/oembed/1.0/embed5dcc]
[mimik.com/jobs/senior-c-unreal-game-programmer/index.html]
[mimik.com/wp-json/oembed/1.0/embed1d50.json]
[mimik.com/wp-json/oembed/1.0/embedfbc4]
[mimik.com/jobs/product-management-leader/index.html]
[mimik.com/wp-json/oembed/1.0/embed31b9.json]
[mimik.com/wp-json/oembed/1.0/embedc6e9]
[mimik.com/jobs/qa-lead/index.html]
[mimik.com/wp-json/oembed/1.0/embed4647.json]
[mimik.com/wp-json/oembed/1.0/embedbad3]
[mimik.com/jobs/agile-project-manager/index.html]
[mimik.com/wp-json/wp/v2/pages/359.json]
[mimik.com/indexcaf0.html]
[mimik.com/wp-json/wp/v2/pages/1379.json]
[mimik.com/index876b.html]
[mimik.com/index6635.html]
[mimik.com/indexa6f6.html]
[mimik.com/index6b36.html]
[mimik.com/wp-json/wp/v2/pages/3194.json]
[mimik.com/indexdb20.html]
[mimik.com/wp-json/wp/v2/posts/82482.json]
[mimik.com/index3569.html]
[mimik.com/author/kimiar/index.html]
[mimik.com/wp-json/wp/v2/posts/82485.json]
[mimik.com/indexb669.html]
[mimik.com/author/siavash/index.html]
[mimik.com/how-mobile-phones-could-help-trace-the-spread-of-covid-infections/index.html]
[mimik.com/author/siavash/feed/index.html]
[mimik.com/author/siavash/page/2/index.html]
[mimik.com/vmblog-expert-interviews-siavash-alamouti-of-mimik-talks-edge-cloud/index.html]
[mimik.com/author/kimiar/feed/index.html]
[mimik.com/unleashing-computing-power-w-decentralization-edge-cloud-computing/index.html]
[mimik.com/principles-of-decentralization-2/index.html]
[mimik.com/siavash-alamouti-drive-to-decentralize-the-cloud/index.html]
[mimik.com/future-of-mimik/index.html]
[mimik.com/wp-json/oembed/1.0/embedf20b.json]
[mimik.com/decentralization-its-drivers/index.html]
[mimik.com/decentralization-people/index.html]
[mimik.com/benefits-of-decentralization/index.html]
[mimik.com/wp-json/oembed/1.0/embed5a40]
[mimik.com/house-of-commons-of-canada-on-the-outbreak-of-the-corona-virus-w-google-mimik-ibm-short-ver/index.html]
[mimik.com/is-5g-the-answer-to-central-cloud-challenges/index.html]
[mimik.com/principles-of-decentralization/index.html]
[mimik.com/a-pragmatic-approach-to-cloud-decentralization-hanoi-vietnam/index.html]
[mimik.com/challenges-of-decentralization-digital-freedom/index.html]
[mimik.com/decentralization-of-cloud-siavash-alamoutis-keynote-at-pimrc-2017-in-montreal-canada/index.html]
[mimik.com/wp-json/oembed/1.0/embed9fb2.json]
[mimik.com/made-in-bc-app-for-contact-tracing-pandimik-on-global-news-canada/index.html]
[mimik.com/wp-json/oembed/1.0/embede0d8]
[mimik.com/will-decentralisation-help-bring-silicon-valley-back-to-its-roots/index.html]
[mimik.com/wp-json/wp/v2/posts/82088.json]
[mimik.com/index8eb8.html]
[mimik.com/author/mimik/index.html]
[mimik.com/are-developers-ready-for-edge-cloud-computing/index.html]
[mimik.com/author/mimik/feed/index.html]
[mimik.com/author/mimik/page/2/index.html]
[mimik.com/idg-edge-computing-summit-2021-event-south-korea/index.html]
[mimik.com/wp-json/oembed/1.0/embed86cb.json]
[mimik.com/author/mimik/page/5/index.html]
[mimik.com/author/mimik/page/3/index.html]
[mimik.com/wp-json/oembed/1.0/embed54cc]
[mimik.com/b-c-contact-tracing-app-tackles-canadians-privacy-concerns/index.html]
[mimik.com/privacy-concerns-about-covid-tracing-app/index.html]
[mimik.com/wp-json/oembed/1.0/embeddfd2.json]
[mimik.com/wp-json/oembed/1.0/embeda171]
[mimik.com/privacy-concerns-about-covid-tracing-app-2/index.html]
[mimik.com/wp-json/oembed/1.0/embedc46f.json]
[mimik.com/wp-json/oembed/1.0/embed6e40]
[mimik.com/mimik-improves-h2-wellnesss-profit-margins-with-hybrid-edge-cloud/index.html]
[mimik.com/wp-json/wp/v2/posts/79390.json]
[mimik.com/index73a6.html]
[mimik.com/wp-json/wp/v2/posts/61036.json]
[mimik.com/index5639.html]
[mimik.com/wp-json/wp/v2/posts/74049.json]
[mimik.com/indexb817.html]
[mimik.com/wp-json/wp/v2/posts/79530.json]
[mimik.com/index3e8a.html]
[mimik.com/wp-json/wp/v2/pages/80907.json]
[mimik.com/index8428.html]
[mimik.com/mimikcontact.html]
[mimik.com/wp-json/wp/v2/pages/80911.json]
[mimik.com/index3427.html]
[mimik.com/wp-json/wp/v2/pages/1194.json]
[mimik.com/index854d.html]
[mimik.com/wp-json/oembed/1.0/embed47e5.json]
[mimik.com/wp-json/oembed/1.0/embed042f]
[mimik.com/open-networking-edge-summit/index.html]
[mimik.com/category/events/index.html]
[mimik.com/edge-computing-ai-summit-2021/index.html]
[mimik.com/discover-hybrid-edgecloud-application-in-business-and-it/index.html]
[mimik.com/author/sam/index.html]
[mimik.com/category/events/page/2/index.html]
[mimik.com/category/events/feed/index.html]
[mimik.com/state-of-the-stack-2021/index.html]
[mimik.com/singularity-university-of-south-africa-summit-2021/index.html]
[mimik.com/montreal-digital-book-2021/index.html]
[mimik.com/entrepreneurship-innovation-ieee-5g-forum/index.html]
[mimik.com/wp-json/oembed/1.0/embed64b5.json]
[mimik.com/interoperability-and-ecosystem/index.html]
[mimik.com/digital-transformation/index.html]
[mimik.com/fay-arjomandi-11-with-cathie-wood-2/index.html]
[mimik.com/wp-json/oembed/1.0/embedb39b]
[mimik.com/observations-on-decentralization/index.html]
[mimik.com/data-privacy/index.html]
[mimik.com/blog/page/2/index.html]
[mimik.com/blog/page/3/index.html]
[mimik.com/blog/page/8/index.html]
[mimik.com/wp-json/wp/v2/posts/81939.json]
[mimik.com/index7a9a.html]
[mimik.com/5g-verizon-event/index.html]
[mimik.com/hybrid-edgecloud-ai-enabled-applications/index.html]
[mimik.com/author/michel/feed/index.html]
[mimik.com/author/michel/page/2/index.html]
[mimik.com/author/michel/index.html]
[mimik.com/edgesdk-familiar-apis/index.html]
[mimik.com/wp-json/wp/v2/posts/79738.json]
[mimik.com/mimik-hybrid-edge-cloud-leveraging-aws-to-support-edge-microservice-mesh/index.html]
[mimik.com/microservice-based-solutions-in-a-hybrid-edge-cloud-environment/index.html]
[mimik.com/where-to-run-microservices/index.html]
[mimik.com/index24b5.html]
[mimik.com/edgesdk-updating-existing-applications/index.html]
[mimik.com/who-would-benefit-from-edgesdk/index.html]
[mimik.com/microservices-edge-cloud-computing-michel-burger/index.html]
[mimik.com/transitioning-to-microservices/index.html]
[mimik.com/what-is-mimik-edgesdk/index.html]
[mimik.com/wp-json/oembed/1.0/embed971c.json]
[mimik.com/wp-json/oembed/1.0/embedcbf1]
[mimik.com/mec-mimik-paper-at-ieee-5g-world-forum-2021/index.html]
[mimik.com/wp-json/wp/v2/posts/76879.json]
[mimik.com/index5c63.html]
[mimik.com/wp-json/wp/v2/posts/66129.json]
[mimik.com/index0ada.html]
[mimik.com/wp-json/wp/v2/posts/81834.json]
[mimik.com/indexea8f.html]
[mimik.com/wp-json/wp/v2/posts/79620.json]
[mimik.com/index4ee2.html]
[mimik.com/wp-json/wp/v2/our-events/81920.json]
[mimik.com/index2dde.html]
[mimik.com/wp-json/wp/v2/our-events/80791.json]
[mimik.com/index49c2.html]
[mimik.com/wp-json/wp/v2/our-events/81501.json]
[mimik.com/index40b1.html]
[mimik.com/wp-json/wp/v2/posts/79190.json]
[mimik.com/index270b.html]
[mimik.com/wp-json/wp/v2/posts/79436.json]
[mimik.com/indexebb8.html]
[mimik.com/wp-json/wp/v2/posts/81264.json]
[mimik.com/index18c7.html]
[mimik.com/author/fay/index.html]
[mimik.com/author/fay/feed/index.html]
[mimik.com/wp-json/wp/v2/posts/81259.json]
[mimik.com/it-and-business-innovation-with-edge-computing-trends/index.html]
[mimik.com/indexdaec.html]
[mimik.com/author/fay/page/2/index.html]
[mimik.com/what-is-hybrid-edgecloud-and-why-will-it-change-the-way-we-develop-apps/index.html]
[mimik.com/fay-arjomandi-11-with-cathie-wood/index.html]
[mimik.com/fay-arjomandi-11-with-cathie-wood-why-have-you-decided-to-invest-in-mimik/index.html]
[mimik.com/wp-json/wp/v2/posts/78891.json]
[mimik.com/forecasting-market-growth-rates-based-on-production-costs/index.html]
[mimik.com/index5c31.html]
[mimik.com/future-of-investment-is-investing-in-the-future/index.html]
[mimik.com/author/fay/page/4/index.html]
[mimik.com/author/fay/page/3/index.html]
[mimik.com/author/bob/index.html]
[mimik.com/wp-json/wp/v2/posts/77236.json]
[mimik.com/indexf22a.html]
[mimik.com/wp-json/wp/v2/posts/77038.json]
[mimik.com/index893d.html]
[mimik.com/wp-json/wp/v2/posts/75343.json]
[mimik.com/indexe619.html]
[mimik.com/wp-json/wp/v2/posts/73944.json]
[mimik.com/index7c2e.html]
[mimik.com/wp-json/wp/v2/posts/74395.json]
[mimik.com/indexa8f9.html]
[mimik.com/wp-json/wp/v2/posts/74960.json]
[mimik.com/index3a3c.html]
[mimik.com/wp-json/wp/v2/posts/74951.json]
[mimik.com/index043b.html]
[mimik.com/wp-json/wp/v2/posts/74945.json]
[mimik.com/indexa7c9.html]
[mimik.com/wp-json/wp/v2/posts/50542.json]
[mimik.com/indexea83.html]
[mimik.com/wp-content/plugins/wonderplugin-pdf-embed/pdfjslight/web/viewer83a7.css]
[mimik.com/author/bob/feed/index.html]
[mimik.com/wp-content/plugins/wonderplugin-pdf-embed/pdfjslight/web/jquery.js]
[mimik.com/wp-content/plugins/wonderplugin-pdf-embed/pdfjslight/build/pdf83a7.js]
[mimik.com/wp-content/plugins/wonderplugin-pdf-embed/pdfjslight/web/viewer83a7.js]
[mimik.com/wp-content/plugins/wonderplugin-pdf-embed/pdfjslight/web/pdf.customise83a7.js]
[mimik.com/wp-content/plugins/wonderplugin-pdf-embed/pdfjslight/web/viewerd1cd.html]
[mimik.com/wp-json/wp/v2/posts/45300.json]
[mimik.com/index9d93.html]
[mimik.com/wp-content/plugins/wonderplugin-pdf-embed/pdfjslight/web/viewer24d3.html]
[mimik.com/wp-json/wp/v2/posts/45262.json]
[mimik.com/indexfa75.html]
[mimik.com/wp-content/plugins/wonderplugin-pdf-embed/pdfjslight/web/viewer8f43.html]
[mimik.com/wp-json/wp/v2/posts/44687.json]
[mimik.com/indexfb00.html]
[mimik.com/edge-cloud-use-cases/index.html]
[mimik.com/wp-json/wp/v2/posts/44726.json]
[mimik.com/index58d5.html]
[mimik.com/wp-json/wp/v2/posts/77009.json]
[mimik.com/indexea8d.html]
[mimik.com/wp-json/wp/v2/posts/75284.json]
[mimik.com/indexb4f3.html]
[mimik.com/wp-json/wp/v2/posts/73742.json]
[mimik.com/index79f2.html]
[mimik.com/wp-json/wp/v2/posts/73691.json]
[mimik.com/index4008.html]
[mimik.com/wp-json/wp/v2/posts/73613.json]
[mimik.com/index01e1.html]
[mimik.com/wp-json/wp/v2/posts/73598.json]
[mimik.com/index7880.html]
[mimik.com/wp-json/wp/v2/posts/73475.json]
[mimik.com/index7c61.html]
[mimik.com/team-member/sivash-almouti/index.html]
[mimik.com/wp-json/wp/v2/posts/71677.json]
[mimik.com/index4bb1.html]
[mimik.com/wp-json/wp/v2/posts/71556.json]
[mimik.com/indexf9b0.html]
[mimik.com/wp-json/wp/v2/posts/70907.json]
[mimik.com/index70c1.html]
[mimik.com/wp-json/wp/v2/our-events/80790.json]
[mimik.com/index2784.html]
[mimik.com/wp-json/wp/v2/our-events/81933.json]
[mimik.com/indexe5e2.html]
[mimik.com/wp-json/wp/v2/our-events/81932.json]
[mimik.com/index3924.html]
[mimik.com/wp-json/wp/v2/our-events/81929.json]
[mimik.com/index96a0.html]
[mimik.com/wp-json/wp/v2/our-events/81931.json]
[mimik.com/index8c0e.html]
[mimik.com/wp-json/wp/v2/our-events/81494.json]
[mimik.com/index5bc5.html]
[mimik.com/wp-json/wp/v2/our-events/81493.json]
[mimik.com/index45d4.html]
[mimik.com/wp-json/wp/v2/our-events/81483.json]
[mimik.com/index7e19.html]
[mimik.com/wp-json/wp/v2/our-events/81482.json]
[mimik.com/indexb94e.html]
[mimik.com/wp-json/wp/v2/our-events/81936.json]
[mimik.com/indexcefc.html]
[mimik.com/wp-json/wp/v2/our-events/81475.json]
[mimik.com/index644b.html]
[mimik.com/wp-json/wp/v2/our-events/81930.json]
[mimik.com/index7d9c.html]
[mimik.com/wp-json/wp/v2/our-events/81935.json]
[mimik.com/index0f0d.html]
[mimik.com/wp-json/wp/v2/our-events/81922.json]
[mimik.com/indexd80f.html]
[mimik.com/wp-json/wp/v2/our-events/81934.json]
[mimik.com/index4563.html]
[mimik.com/wp-json/wp/v2/team-member/4651.json]
[mimik.com/index2308.html]
[mimik.com/wp-json/wp/v2/team-member/4650.json]
[mimik.com/indexb287.html]
[mimik.com/wp-json/wp/v2/team-member/3257.json]
[mimik.com/indexace4.html]
[mimik.com/wp-json/wp/v2/team-member/3255.json]
[mimik.com/indexb808.html]
[mimik.com/wp-json/wp/v2/team-member/82607.json]
[mimik.com/index57cd.html]
[mimik.com/wp-json/wp/v2/team-member/3253.json]
[mimik.com/index6ec5.html]
[ssl.gstatic.com/gb/images/b_8d5afc09.png]
[ssl.gstatic.com/s2/oz/images/stars/x.png]
[www.google.com/images/branding/googlelogo/1x/googlelogo_white_background_color_272x92dp.png]
[www.google.com/index.html]
[www.google.com/intl/en/policies/privacy/index.html]
[mimik.com/wp-json/wp/v2/awsm_job_openings/3558.json]
[mimik.com/index1a25.html]
[mimik.com/wp-json/wp/v2/awsm_job_openings/3557.json]
[mimik.com/index4521.html]
[mimik.com/wp-json/wp/v2/awsm_job_openings/3556.json]
[mimik.com/index127c.html]
[mimik.com/wp-json/wp/v2/awsm_job_openings/3555.json]
[mimik.com/indexaead.html]
[mimik.com/wp-json/wp/v2/awsm_job_openings/3554.json]
[mimik.com/index87f2.html]
[mimik.com/wp-json/wp/v2/awsm_job_openings/3345.json]
[mimik.com/indexe9c9.html]
[mimik.com/wp-json/wp/v2/awsm_job_openings/3213.json]
[mimik.com/indexf00e.html]
[mimik.com/wp-json/wp/v2/awsm_job_openings/3212.json]
[mimik.com/index4811.html]
[mimik.com/wp-json/wp/v2/awsm_job_openings/3211.json]
[mimik.com/indexc3ad.html]
[mimik.com/wp-json/wp/v2/awsm_job_openings/3210.json]
[mimik.com/index796a.html]
[mimik.com/wp-json/wp/v2/users/13.json]
[www.google.com/intl/en/policies/terms/index.html]
[mimik.com/wp-json/oembed/1.0/embed982e.json]
[mimik.com/wp-json/oembed/1.0/embed0054]
[mimik.com/how-mobile-phones-could-help-trace-the-spread-of-covid-infections/index.html]
[mimik.com/author/siavash/page/2/index.html]
[mimik.com/wp-json/wp/v2/users/7.json]
[mimik.com/wp-json/oembed/1.0/embedd97e.json]
[mimik.com/wp-json/oembed/1.0/embedf1e2]
[vmblog.com/images/interview-mimik-alamouti.jpg]
[mimik.com/vmblog-expert-interviews-siavash-alamouti-of-mimik-talks-edge-cloud/index.html]
[mimik.com/wp-json/oembed/1.0/embedd5b2.json]
[mimik.com/wp-json/oembed/1.0/embedffdf]
[mimik.com/siavash-alamouti-drive-to-decentralize-the-cloud/index.html]
[mimik.com/wp-json/oembed/1.0/embedeab0.json]
[mimik.com/wp-json/oembed/1.0/embed39ec]
[mimik.com/future-of-mimik/index.html]
[mimik.com/wp-json/oembed/1.0/embed028f.json]
[mimik.com/wp-json/oembed/1.0/embedc907]
[mimik.com/principles-of-decentralization-2/index.html]
[mimik.com/wp-json/oembed/1.0/embede549.json]
[mimik.com/wp-json/oembed/1.0/embedb374]
[mimik.com/unleashing-computing-power-w-decentralization-edge-cloud-computing/index.html]
[mimik.com/wp-json/oembed/1.0/embedebad.json]
[mimik.com/wp-json/oembed/1.0/embed4421]
[mimik.com/decentralization-its-drivers/index.html]
[mimik.com/wp-json/oembed/1.0/embed682f.json]
[mimik.com/wp-json/oembed/1.0/embed7a89]
[mimik.com/benefits-of-decentralization/index.html]
[mimik.com/wp-json/oembed/1.0/embedbd1e.json]
[mimik.com/wp-json/oembed/1.0/embed48df]
[mimik.com/decentralization-people/index.html]
[mimik.com/wp-json/oembed/1.0/embed7e86.json]
[mimik.com/wp-json/oembed/1.0/embed1342]
[mimik.com/principles-of-decentralization/index.html]
[mimik.com/wp-json/oembed/1.0/embeda85c.json]
[mimik.com/wp-json/oembed/1.0/embed7d50]
[mimik.com/challenges-of-decentralization-digital-freedom/index.html]
[mimik.com/wp-json/oembed/1.0/embed3ebe.json]
[mimik.com/wp-json/oembed/1.0/embed1e1e]
[mimik.com/a-pragmatic-approach-to-cloud-decentralization-hanoi-vietnam/index.html]
[mimik.com/wp-json/oembed/1.0/embedc76f.json]
[mimik.com/wp-json/oembed/1.0/embedb148]
[mimik.com/is-5g-the-answer-to-central-cloud-challenges/index.html]
[mimik.com/wp-json/oembed/1.0/embedf6e7.json]
[mimik.com/wp-json/oembed/1.0/embedbb46]
[mimik.com/decentralization-of-cloud-siavash-alamoutis-keynote-at-pimrc-2017-in-montreal-canada/index.html]
[mimik.com/wp-json/wp/v2/posts/52083.json]
[mimik.com/index2b4b.html]
[mimik.com/wp-json/oembed/1.0/embeda045.json]
[mimik.com/wp-json/oembed/1.0/embedd2e3]
[mimik.com/made-in-bc-app-for-contact-tracing-pandimik-on-global-news-canada/index.html]
[mimik.com/wp-json/wp/v2/posts/46145.json]
[mimik.com/index9635.html]
[mimik.com/wp-json/oembed/1.0/embede6d2.json]
[mimik.com/wp-json/oembed/1.0/embed0d4b]
[mimik.com/are-developers-ready-for-edge-cloud-computing/index.html]
[mimik.com/author/mimik/page/2/index.html]
[mimik.com/wp-json/wp/v2/users/12.json]
[mimik.com/fay-arjomandi-recognized-as-concordia-university-alumni-of-the-year/index.html]
[mimik.com/wp-json/oembed/1.0/embed0dab.json]
[mimik.com/wp-json/oembed/1.0/embed7e39]
[mimik.com/idg-edge-computing-summit-2021-event-south-korea/index.html]
[mimik.com/author/mimik/page/3/index.html]
[mimik.com/author/mimik/page/5/index.html]
[mimik.com/wp-json/wp/v2/posts/51456.json]
[mimik.com/index7625.html]
[mimik.com/wp-json/oembed/1.0/embed8390.json]
[mimik.com/wp-json/oembed/1.0/embed9f37]
[mimik.com/privacy-concerns-about-covid-tracing-app/index.html]
[mimik.com/wp-json/wp/v2/posts/52308.json]
[mimik.com/index19b7.html]
[mimik.com/wp-json/wp/v2/posts/50642.json]
[mimik.com/index7b60.html]
[mimik.com/wp-json/wp/v2/posts/74178.json]
[mimik.com/index3114.html]
[mimik.com/author/sam/index.html]
[mimik.com/defining-edge-and-hybrid-edgecloud-blog/index.html]
[mimik.com/author/sam/page/2/index.html]
[mimik.com/defining-edge-and-hybrid-edgecloud/index.html]
[mimik.com/author/sam/feed/index.html]
[mimik.com/mimik-access-wifi-beaming-adding-friends-part-5-6/index.html]
[mimik.com/mimik-access-expire-beam-part-6-6/index.html]
[mimik.com/how-the-5g-technology-landscape-reaches-early-success-level-2/index.html]
[mimik.com/what-is-mimik-hybrid-edgecloud-platform/index.html]
[mimik.com/wp-json/oembed/1.0/embedb501.json]
[mimik.com/mimik-access-adding-shared-content-part-3-6/index.html]
[mimik.com/mimik-access-hosted-content-part-4-6/index.html]
[mimik.com/wp-json/oembed/1.0/embed86d7]
[mimik.com/edge-computing-ai-summit-2021/index.html]
[mimik.com/wp-json/oembed/1.0/embed94b5.json]
[mimik.com/wp-json/oembed/1.0/embed680e]
[mimik.com/discover-hybrid-edgecloud-application-in-business-and-it/index.html]
[mimik.com/category/events/page/2/index.html]
[mimik.com/wp-json/wp/v2/categories/85.json]
[mimik.com/wp-json/oembed/1.0/embed2545.json]
[mimik.com/wp-json/oembed/1.0/embed3d67]
[mimik.com/singularity-university-of-south-africa-summit-2021/index.html]
[mimik.com/wp-json/oembed/1.0/embeda26f.json]
[mimik.com/wp-json/oembed/1.0/embedb290]
[mimik.com/montreal-digital-book-2021/index.html]
[mimik.com/wp-json/oembed/1.0/embed72f7.json]
[mimik.com/wp-json/oembed/1.0/embed6891]
[mimik.com/entrepreneurship-innovation-ieee-5g-forum/index.html]
[mimik.com/wp-json/oembed/1.0/embed87c5.json]
[mimik.com/wp-json/oembed/1.0/embeda1e2]
[mimik.com/state-of-the-stack-2021/index.html]
[mimik.com/wp-json/oembed/1.0/embed3248.json]
[mimik.com/wp-json/oembed/1.0/embed1c5f]
[mimik.com/fay-arjomandi-11-with-cathie-wood-2/index.html]
[mimik.com/wp-json/oembed/1.0/embed58b6.json]
[mimik.com/wp-json/oembed/1.0/embeddd21]
[mimik.com/interoperability-and-ecosystem/index.html]
[mimik.com/wp-json/oembed/1.0/embed621f.json]
[mimik.com/wp-json/oembed/1.0/embed8612]
[mimik.com/digital-transformation/index.html]
[mimik.com/wp-json/oembed/1.0/embed42cc.json]
[mimik.com/wp-json/oembed/1.0/embedf23d]
[mimik.com/data-privacy/index.html]
[mimik.com/wp-json/oembed/1.0/embed202d.json]
[mimik.com/wp-json/oembed/1.0/embed1712]
[mimik.com/hybrid-edgecloud-ai-enabled-applications/index.html]
[mimik.com/wp-json/oembed/1.0/embed8d82.json]
[mimik.com/wp-json/oembed/1.0/embed85ac]
[mimik.com/5g-verizon-event/index.html]
[mimik.com/wp-json/wp/v2/posts/75248.json]
[mimik.com/indexce17.html]
[mimik.com/author/michel/page/2/index.html]
[mimik.com/wp-json/wp/v2/users/9.json]
[mimik.com/wp-json/oembed/1.0/embedeaf8.json]
[mimik.com/wp-json/oembed/1.0/embedea9c]
[mimik.com/mimik-hybrid-edge-cloud-leveraging-aws-to-support-edge-microservice-mesh/index.html]
[mimik.com/wp-json/oembed/1.0/embed1021.json]
[mimik.com/wp-json/oembed/1.0/embed0593]
[mimik.com/microservice-based-solutions-in-a-hybrid-edge-cloud-environment/index.html]
[mimik.com/wp-json/oembed/1.0/embed9e98.json]
[mimik.com/wp-json/oembed/1.0/embed5549]
[mimik.com/edgesdk-familiar-apis/index.html]
[mimik.com/wp-json/oembed/1.0/embedd0ef.json]
[mimik.com/wp-json/oembed/1.0/embed3e61]
[mimik.com/where-to-run-microservices/index.html]
[mimik.com/wp-json/oembed/1.0/embede702.json]
[mimik.com/wp-json/oembed/1.0/embed362b]
[mimik.com/edgesdk-updating-existing-applications/index.html]
[mimik.com/wp-json/oembed/1.0/embedd91e.json]
[mimik.com/wp-json/oembed/1.0/embed61fd]
[mimik.com/microservices-edge-cloud-computing-michel-burger/index.html]
[mimik.com/wp-json/oembed/1.0/embedec47.json]
[mimik.com/wp-json/oembed/1.0/embedefcb]
[mimik.com/transitioning-to-microservices/index.html]
[mimik.com/wp-json/oembed/1.0/embed6950.json]
[mimik.com/wp-json/oembed/1.0/embed0f53]
[mimik.com/who-would-benefit-from-edgesdk/index.html]
[mimik.com/wp-json/oembed/1.0/embed2326.json]
[mimik.com/wp-json/oembed/1.0/embed8ab5]
[mimik.com/what-is-mimik-edgesdk/index.html]
[mimik.com/wp-json/wp/v2/posts/72543.json]
[mimik.com/index3c7a.html]
[mimik.com/author/fay/page/2/index.html]
[mimik.com/wp-json/wp/v2/users/8.json]
[mimik.com/wp-json/oembed/1.0/embedbe55.json]
[mimik.com/wp-json/oembed/1.0/embed3f12]
[mimik.com/what-is-hybrid-edgecloud-and-why-will-it-change-the-way-we-develop-apps/index.html]
[mimik.com/wp-json/oembed/1.0/embed80a0.json]
[mimik.com/wp-json/oembed/1.0/embed8f4d]
[mimik.com/it-and-business-innovation-with-edge-computing-trends/index.html]
[mimik.com/wp-json/oembed/1.0/embedfe1a.json]
[mimik.com/wp-json/oembed/1.0/embedf2e9]
[mimik.com/fay-arjomandi-11-with-cathie-wood/index.html]
[mimik.com/wp-json/oembed/1.0/embed6675.json]
[mimik.com/wp-json/oembed/1.0/embed0e54]
[mimik.com/fay-arjomandi-11-with-cathie-wood-why-have-you-decided-to-invest-in-mimik/index.html]
[mimik.com/wp-json/oembed/1.0/embed4e7d.json]
[mimik.com/wp-json/oembed/1.0/embedc478]
[mimik.com/forecasting-market-growth-rates-based-on-production-costs/index.html]
[mimik.com/wp-json/oembed/1.0/embedca87.json]
[mimik.com/wp-json/oembed/1.0/embed84d6]
[mimik.com/future-of-investment-is-investing-in-the-future/index.html]
[mimik.com/author/fay/page/3/index.html]
[mimik.com/author/fay/page/4/index.html]
[mimik.com/wp-json/wp/v2/users/10.json]
[mimik.com/wp-content/plugins/wonderplugin-pdf-embed/pdfjslight/web/locale/locale.html]
[www.google.com/intl/en/ads/index.html]
[www.google.com/services/index.html]
[www.google.com/intl/en/about/index.html]
[www.google.com/intl/en/policies/privacy/index.html]
[www.google.com/intl/en/policies/terms/index.html]
[mimik.com/wp-json/wp/v2/posts/51509.json]
[mimik.com/index3b0e.html]
[mimik.com/wp-json/wp/v2/posts/49047.json]
[mimik.com/index9ff1.html]
[mimik.com/wp-json/wp/v2/posts/52041.json]
[mimik.com/index31b7.html]
[mimik.com/wp-json/wp/v2/posts/52039.json]
[mimik.com/index9b54.html]
[mimik.com/wp-json/wp/v2/posts/52033.json]
[mimik.com/index0377.html]
[mimik.com/wp-json/wp/v2/posts/52027.json]
[mimik.com/indexe339.html]
[mimik.com/wp-json/wp/v2/posts/52023.json]
[mimik.com/index83f9.html]
[mimik.com/wp-json/wp/v2/posts/52021.json]
[mimik.com/index1177.html]
[mimik.com/wp-json/wp/v2/posts/52019.json]
[mimik.com/indexe3e1.html]
[mimik.com/wp-json/wp/v2/posts/52017.json]
[mimik.com/index1db1.html]
[mimik.com/wp-json/wp/v2/posts/52015.json]
[mimik.com/indexb9a8.html]
[mimik.com/wp-json/wp/v2/posts/52009.json]
[mimik.com/indexa38d.html]
[mimik.com/wp-json/wp/v2/posts/52007.json]
[mimik.com/index2bff.html]
[mimik.com/wp-json/wp/v2/posts/51988.json]
[mimik.com/indexb3bb.html]
[mimik.com/wp-json/wp/v2/posts/52085.json]
[mimik.com/index887d.html]
[mimik.com/wp-json/wp/v2/posts/44806.json]
[mimik.com/indexf195.html]
[mimik.com/wp-json/oembed/1.0/embedb721.json]
[mimik.com/wp-json/oembed/1.0/embed190e]
[mimik.com/fay-arjomandi-recognized-as-concordia-university-alumni-of-the-year/index.html]
[mimik.com/wp-json/wp/v2/posts/72450.json]
[mimik.com/index3405.html]
[mimik.com/wp-json/wp/v2/posts/52316.json]
[mimik.com/index1993.html]
[mimik.com/author/sam/page/2/index.html]
[mimik.com/wp-json/wp/v2/users/11.json]
[mimik.com/wp-json/oembed/1.0/embede222.json]
[mimik.com/wp-json/oembed/1.0/embedef11]
[mimik.com/defining-edge-and-hybrid-edgecloud-blog/index.html]
[mimik.com/wp-json/oembed/1.0/embed7e2b.json]
[mimik.com/wp-json/oembed/1.0/embedba76]
[mimik.com/defining-edge-and-hybrid-edgecloud/index.html]
[mimik.com/wp-json/oembed/1.0/embed1e66.json]
[mimik.com/wp-json/oembed/1.0/embed073b]
[mimik.com/how-the-5g-technology-landscape-reaches-early-success-level-2/index.html]
[mimik.com/wp-json/oembed/1.0/embed8c74.json]
[mimik.com/wp-json/oembed/1.0/embedf650]
[mimik.com/what-is-mimik-hybrid-edgecloud-platform/index.html]
[mimik.com/wp-json/oembed/1.0/embeddf83.json]
[mimik.com/wp-json/oembed/1.0/embed6acc]
[mimik.com/mimik-access-expire-beam-part-6-6/index.html]
[mimik.com/wp-json/oembed/1.0/embedd109.json]
[mimik.com/wp-json/oembed/1.0/embed0f55]
[mimik.com/mimik-access-wifi-beaming-adding-friends-part-5-6/index.html]
[mimik.com/wp-json/oembed/1.0/embede827.json]
[mimik.com/wp-json/oembed/1.0/embed03dc]
[mimik.com/mimik-access-hosted-content-part-4-6/index.html]
[mimik.com/wp-json/oembed/1.0/embed1928.json]
[mimik.com/wp-json/oembed/1.0/embedd2ae]
[mimik.com/mimik-access-adding-shared-content-part-3-6/index.html]
[mimik.com/wp-json/wp/v2/posts/61388.json]
[mimik.com/index2dda.html]
[mimik.com/wp-json/wp/v2/posts/74541.json]
[mimik.com/index5493.html]
[mimik.com/wp-json/wp/v2/posts/73271.json]
[mimik.com/index11ab.html]
[mimik.com/wp-json/wp/v2/posts/70468.json]
[mimik.com/index8043.html]
[mimik.com/wp-json/wp/v2/posts/70383.json]
[mimik.com/indexe972.html]
[mimik.com/wp-json/wp/v2/posts/65884.json]
[mimik.com/index9055.html]
[mimik.com/wp-json/wp/v2/posts/74583.json]
[mimik.com/indexbf07.html]
[mimik.com/wp-json/wp/v2/posts/62062.json]
[mimik.com/index446e.html]
[mimik.com/wp-json/wp/v2/posts/62055.json]
[mimik.com/index6e11.html]
[mimik.com/wp-json/wp/v2/posts/61856.json]
[mimik.com/index8791.html]
[mimik.com/wp-json/wp/v2/posts/61820.json]
[mimik.com/index8aae.html]
[mimik.com/wp-json/wp/v2/posts/61586.json]
[mimik.com/index00ed.html]
[mimik.com/wp-json/wp/v2/posts/62626.json]
[mimik.com/index0981.html]
[mimik.com/wp-json/wp/v2/posts/79781.json]
[mimik.com/indexff4d.html]
[mimik.com/wp-json/wp/v2/posts/52059.json]
[mimik.com/index004e.html]
[mimik.com/wp-json/wp/v2/posts/52057.json]
[mimik.com/indexfe92.html]
[mimik.com/wp-json/wp/v2/posts/52055.json]
[mimik.com/index8ea4.html]
[mimik.com/wp-json/wp/v2/posts/52051.json]
[mimik.com/indexde37.html]
[mimik.com/wp-json/wp/v2/posts/52047.json]
[mimik.com/indexe5eb.html]
[mimik.com/wp-json/wp/v2/posts/52045.json]
[mimik.com/indexd379.html]
[mimik.com/wp-json/wp/v2/posts/52043.json]
[mimik.com/indexa201.html]
[mimik.com/wp-json/wp/v2/posts/71981.json]
[mimik.com/indexe916.html]
[mimik.com/wp-json/wp/v2/posts/64482.json]
[mimik.com/index3d7c.html]
[mimik.com/wp-json/wp/v2/posts/64422.json]
[mimik.com/index8e05.html]
[mimik.com/wp-json/wp/v2/posts/64415.json]
[mimik.com/index6e7e.html]
[mimik.com/wp-json/wp/v2/posts/65154.json]
[mimik.com/index46bb.html]
[mimik.com/wp-json/wp/v2/posts/64342.json]
[mimik.com/indexc6db.html]
[www.google.com/intl/en/policies/privacy/curl.html]
[www.google.com/intl/en/policies/terms/curl.html]
[mimik.com/wp-json/wp/v2/posts/46152.json]
[mimik.com/indexc833.html]
[mimik.com/wp-json/wp/v2/posts/63652.json]
[mimik.com/index320f.html]
[mimik.com/wp-json/wp/v2/posts/62164.json]
[mimik.com/index0125.html]
[mimik.com/wp-json/wp/v2/posts/59066.json]
[mimik.com/index1c18.html]
[mimik.com/wp-json/wp/v2/posts/64432.json]
[mimik.com/indexa53a.html]
[mimik.com/wp-json/wp/v2/posts/56365.json]
[mimik.com/indexf114.html]
[mimik.com/wp-json/wp/v2/posts/56361.json]
[mimik.com/indexcaf9.html]
[mimik.com/wp-json/wp/v2/posts/56357.json]
[mimik.com/index05b5.html]
[mimik.com/wp-json/wp/v2/posts/56352.json]
[mimik.com/index48da.html]
[mimik.com/comments/feed/index.html]
[unpkg.com/index.html]
[mimik.com/feed/index.html]
[static.addtoany.com/index.html]
[mimik.com/wp-includes/css/dist/components/style.minef10.css]
[mimik.com/wp-json/index.html]
[mimik.com/wp-json/oembed/1.0/embed5ddc.json]
[mimik.com/wp-content/plugins/lottiefiles/build/lottiefiles-frontend.css3fec.css]
[mimik.com/wp-content/plugins/bricksable/includes/elements/lottie/assets/js/frontend.mina491.js]
[mimik.com/wp-content/plugins/wp-job-openings/assets/fonts/awsm-jobs-icomoon062a.eot]
[mimik.com/wp-content/plugins/wp-job-openings/assets/fonts/awsm-jobs-icomoon062a.ttf]
[unpkg.com/@lottiefiles/lottie-player@1.5.5/dist/lottie-player.js]
[mimik.com/wp-content/plugins/wp-job-openings/assets/fonts/awsm-jobs-icomoon062a.woff]
[js.hsforms.net/forms/embed/v23037.js]
[mimik.com/wp-content/plugins/wp-job-openings/assets/css/general.min9bf7.css]
[mimik.com/wp-json/oembed/1.0/embedfc2d.json]
[mimik.com/wp-content/plugins/wp-job-openings/assets/css/style.min9bf7.css]
[mimik.com/wp-json/oembed/1.0/embed1678.json]
[mimik.com/wp-json/oembed/1.0/embed6ee3.json]
[mimik.com/wp-json/oembed/1.0/embed8056.json]
[js.hsforms.net/forms/embed/v27ad2.js]
[mimik.com/wp-json/oembed/1.0/embed0fab.json]
[mimik.com/category/blog/feed/index.html]
[mimik.com/category/whitepapers/feed/index.html]
[mimik.com/category/news/feed/index.html]
[mimik.com/wp-json/oembed/1.0/embedad2d.json]
[mimik.com/wp-json/oembed/1.0/embeda344.json]
[mimik.com/wp-content/themes/bricks/assets/css/frontend.min13dc.css]
[mimik.com/wp-json/oembed/1.0/embed5116.json]
[mimik.com/wp-json/oembed/1.0/embed87b3.json]
[mimik.com/wp-json/oembed/1.0/embed081e.json]
[mimik.com/wp-json/oembed/1.0/embed6f7b.json]
[mimik.com/wp-content/themes/bricks-child/style0144.css]
[mimik.com/wp-json/oembed/1.0/embed9f44.json]
[mimik.com/wp-json/oembed/1.0/embede278.json]
[mimik.com/wp-json/oembed/1.0/embed2b1d.json]
[mimik.com/wp-json/oembed/1.0/embed5ea3.json]
[mimik.com/wp-content/themes/bricks/assets/fonts/fontawesome/fa-brands-400.woff2]
[mimik.com/wp-json/oembed/1.0/embed2830.json]
[mimik.com/wp-json/oembed/1.0/embed0472.json]
[mimik.com/wp-content/themes/bricks/assets/fonts/fontawesome/fa-brands-400.ttf]
[mimik.com/wp-content/themes/bricks/assets/css/libs/font-awesome-6-brands.min13dc.css]
[mimik.com/wp-json/oembed/1.0/embed555b.json]
[mimik.com/wp-json/oembed/1.0/embed8d50.json]
[mimik.com/wp-json/oembed/1.0/embedbcee.json]
[mimik.com/wp-json/oembed/1.0/embed6535.json]
[mimik.com/wp-content/themes/bricks/assets/fonts/fontawesome/fa-regular-400.woff2]
[mimik.com/wp-json/oembed/1.0/embed88c5.json]
[mimik.com/wp-json/oembed/1.0/embed9738.json]
[mimik.com/wp-json/oembed/1.0/embed0a7a.json]
[mimik.com/wp-json/oembed/1.0/embed3c1c.json]
[mimik.com/wp-content/themes/bricks/assets/fonts/fontawesome/fa-regular-400.ttf]
[mimik.com/wp-json/oembed/1.0/embed7ade.json]
[mimik.com/wp-json/oembed/1.0/embedff73.json]
[mimik.com/wp-json/oembed/1.0/embed54a3.json]
[mimik.com/wp-content/themes/bricks/assets/fonts/fontawesome/fa-solid-900.woff2]
[mimik.com/wp-json/oembed/1.0/embeda6af.json]
[mimik.com/wp-json/oembed/1.0/embed8971.json]
[mimik.com/wp-json/oembed/1.0/embed4edc.json]
[mimik.com/wp-content/themes/bricks/assets/fonts/fontawesome/fa-solid-900.ttf]
[mimik.com/wp-content/themes/bricks/assets/css/libs/font-awesome-6.min13dc.css]
[mimik.com/wp-json/oembed/1.0/embedb7c5.json]
[mimik.com/wp-json/oembed/1.0/embed0f3f.json]
[mimik.com/wp-json/oembed/1.0/embedc6c6.json]
[mimik.com/wp-content/themes/bricks/assets/fonts/ionicons/ionicons.eot]
[mimik.com/wp-json/oembed/1.0/embed6173.json]
[mimik.com/wp-json/oembed/1.0/embed7373.json]
[mimik.com/wp-json/oembed/1.0/embed9456.json]
[mimik.com/wp-content/themes/bricks/assets/fonts/ionicons/ionicons.woff2]
[www.vishay.com/docs/48708/ig18692481_vacuum_cleaner_robots.pdf]
[mimik.com/wp-json/oembed/1.0/embed03a4.json]
[mimik.com/wp-json/oembed/1.0/embedeb40.json]
[mimik.com/wp-json/oembed/1.0/embedbde2.json]
[mimik.com/wp-content/themes/bricks/assets/fonts/ionicons/ionicons.woff]
[s316.podbean.com/pb/883c8837c003a2fbf6f63dc1850b0ef0/665452c8/data4/fs149/8587198/uploads/66_Unlocking_the_Nextgen_Apps_For_the_Hyper-Connected_World6arnk193c.mp3]
[mimik.com/wp-json/oembed/1.0/embedac24.json]
[mimik.com/wp-json/oembed/1.0/embedf62e.json]
[mimik.com/wp-json/oembed/1.0/embed2e1a.json]
[mimik.com/wp-content/themes/bricks/assets/fonts/ionicons/ionicons.ttf]
[mimik.com/wp-content/themes/bricks/assets/css/libs/ionicons.min13dc.css]
[mimik.com/wp-json/oembed/1.0/embed87b5.json]
[mimik.com/wp-json/oembed/1.0/embedf813.json]
[mimik.com/wp-json/oembed/1.0/embedd3c2.json]
[mimik.com/wp-json/oembed/1.0/embedb3c5.json]
[mimik.com/wp-json/oembed/1.0/embede76b.json]
[mimik.com/wp-json/oembed/1.0/embedf968.json]
[mimik.com/wp-json/oembed/1.0/embedb51b.json]
[mimik.com/wp-json/oembed/1.0/embed54dc.json]
[mimik.com/wp-json/oembed/1.0/embedd4a5.json]
[mimik.com/wp-content/themes/bricks/assets/fonts/themify/themifyd41d.woff]
[mimik.com/wp-json/oembed/1.0/embed25dd.json]
[mimik.com/wp-json/oembed/1.0/embed1cf5.json]
[mimik.com/wp-json/oembed/1.0/embedc083.json]
[mimik.com/wp-json/oembed/1.0/embed469f.json]
[mimik.com/wp-content/themes/bricks/assets/fonts/themify/themifyd41d.ttf]
[mimik.com/wp-content/themes/bricks/assets/css/libs/themify-icons.min13dc.css]
[mimik.com/wp-json/oembed/1.0/embedcde5.json]
[mimik.com/wp-json/oembed/1.0/embed1d15.json]
[mimik.com/wp-json/oembed/1.0/embede005.json]
[mimik.com/wp-json/oembed/1.0/embed47a2.json]
[mimik.com/wp-content/uploads/2023/06/Frame-30.svg]
[mimik.com/wp-json/oembed/1.0/embed3c5b.json]
[mimik.com/wp-json/oembed/1.0/embedc168.json]
[mimik.com/wp-json/oembed/1.0/embed1237.json]
[mimik.com/wp-json/oembed/1.0/embeda4af.json]
[mimik.com/wp-content/uploads/2023/12/edge-AI.svg]
[mimik.com/wp-json/oembed/1.0/embed7169.json]
[mimik.com/wp-json/oembed/1.0/embed5947.json]
[mimik.com/wp-json/oembed/1.0/embedb044.json]
[mimik.com/wp-json/oembed/1.0/embed6117.json]
[mimik.com/wp-json/oembed/1.0/embedd42c.json]
[mimik.com/wp-json/oembed/1.0/embedf2b4.json]
[mimik.com/wp-json/oembed/1.0/embed572a.json]
[mimik.com/wp-content/plugins/add-to-any/addtoany.mind47c.css]
[mimik.com/wp-json/oembed/1.0/embed8273.json]
[mimik.com/wp-json/oembed/1.0/embed580b.json]
[mimik.com/wp-json/oembed/1.0/embed9a09.json]
[mimik.com/wp-json/oembed/1.0/embedf453.json]
[mimik.com/wp-json/oembed/1.0/embed03bd.json]
[mimik.com/wp-json/wp/v2/pages/9.json]
[mimik.com/wp-json/oembed/1.0/embed5769.json]
[mimik.com/wp-json/oembed/1.0/embed64fb.json]
[mimik.com/wp-json/oembed/1.0/embed51e4.json]
[mimik.com/wp-json/oembed/1.0/embeddcf9.json]
[mimik.com/wp-json/oembed/1.0/embedd5da.json]
[mimik.com/wp-json/oembed/1.0/embed3f84.json]
[www.google.com/recaptcha/apid5f7.js]
[mimik.com/wp-content/themes/bricks/assets/css/libs/splide.min13dc.css]
[mimik.com/wp-content/themes/bricks/assets/css/libs/animate.min13dc.css]
[mimik.com/wp-includes/css/dist/block-library/style.minef10.css]
[mimik.com/wp-json/oembed/1.0/embed65de.json]
[mimik.com/wp-json/oembed/1.0/embed5a32.json]
[mimik.com/wp-json/oembed/1.0/embed17eb.json]
[mimik.com/wp-json/oembed/1.0/embed08e6.json]
[mimik.com/wp-json/oembed/1.0/embed7a71.json]
[mimik.com/wp-json/oembed/1.0/embed4ec5.json]
[mimik.com/wp-json/oembed/1.0/embed1d50.json]
[mimik.com/wp-json/oembed/1.0/embed31b9.json]
[mimik.com/wp-json/oembed/1.0/embed4647.json]
[mimik.com/author/kimiar/feed/index.html]
[mimik.com/author/siavash/feed/index.html]
[mimik.com/wp-json/oembed/1.0/embedf20b.json]
[mimik.com/wp-json/oembed/1.0/embed9fb2.json]
[mimik.com/author/mimik/feed/index.html]
[mimik.com/wp-json/oembed/1.0/embed86cb.json]
[mimik.com/wp-json/oembed/1.0/embeddfd2.json]
[mimik.com/wp-json/oembed/1.0/embedc46f.json]
[mimik.com/wp-json/oembed/1.0/embed47e5.json]
[mimik.com/category/events/feed/index.html]
[mimik.com/wp-json/oembed/1.0/embed64b5.json]
[mimik.com/author/michel/feed/index.html]
[mimik.com/wp-json/oembed/1.0/embed971c.json]
[mimik.com/author/fay/feed/index.html]
[mimik.com/author/bob/feed/index.html]
[mimik.com/wp-content/plugins/wonderplugin-pdf-embed/pdfjslight/build/pdf83a7.js]
[mimik.com/wp-content/plugins/wonderplugin-pdf-embed/pdfjslight/web/viewer83a7.js]
[mimik.com/wp-json/oembed/1.0/embed982e.json]
[mimik.com/wp-json/oembed/1.0/embedd97e.json]
[mimik.com/wp-json/oembed/1.0/embedd5b2.json]
[mimik.com/wp-json/oembed/1.0/embedeab0.json]
[mimik.com/wp-json/oembed/1.0/embed028f.json]
[mimik.com/wp-json/oembed/1.0/embede549.json]
[mimik.com/wp-json/oembed/1.0/embedebad.json]
[mimik.com/wp-json/oembed/1.0/embed682f.json]
[mimik.com/wp-json/oembed/1.0/embedbd1e.json]
[mimik.com/wp-json/oembed/1.0/embed7e86.json]
[mimik.com/wp-json/oembed/1.0/embeda85c.json]
[mimik.com/wp-json/oembed/1.0/embed3ebe.json]
[mimik.com/wp-json/oembed/1.0/embedc76f.json]
[mimik.com/wp-json/oembed/1.0/embedf6e7.json]
[mimik.com/wp-json/oembed/1.0/embeda045.json]
[mimik.com/wp-json/oembed/1.0/embede6d2.json]
[mimik.com/wp-json/wp/v2/pages/11.json]
[mimik.com/wp-json/oembed/1.0/embed0dab.json]
[mimik.com/wp-json/oembed/1.0/embed8390.json]
[mimik.com/author/sam/feed/index.html]
[mimik.com/wp-json/oembed/1.0/embedb501.json]
[mimik.com/wp-json/oembed/1.0/embed94b5.json]
[vmblog.com/images/interview-mimik-alamouti.jpg]
[mimik.com/wp-json/oembed/1.0/embed2545.json]
[mimik.com/wp-json/wp/v2/pages/4403.json]
[mimik.com/wp-json/oembed/1.0/embeda26f.json]
[mimik.com/wp-json/oembed/1.0/embed72f7.json]
[mimik.com/wp-json/oembed/1.0/embed87c5.json]
[mimik.com/wp-json/oembed/1.0/embed3248.json]
[mimik.com/wp-json/oembed/1.0/embed621f.json]
[mimik.com/wp-json/oembed/1.0/embed58b6.json]
[mimik.com/wp-json/oembed/1.0/embed202d.json]
[mimik.com/wp-json/oembed/1.0/embed42cc.json]
[mimik.com/wp-json/oembed/1.0/embedeaf8.json]
[mimik.com/wp-json/oembed/1.0/embed8d82.json]
[mimik.com/wp-json/oembed/1.0/embed9e98.json]
[mimik.com/wp-json/oembed/1.0/embed1021.json]
[mimik.com/category/blog/page/2/index.html]
[mimik.com/wp-json/oembed/1.0/embedd0ef.json]
[mimik.com/wp-json/oembed/1.0/embede702.json]
[mimik.com/wp-json/wp/v2/categories/61.json]
[mimik.com/wp-json/oembed/1.0/embedec47.json]
[mimik.com/wp-json/oembed/1.0/embedd91e.json]
[mimik.com/wp-json/wp/v2/categories/56.json]
[mimik.com/wp-json/oembed/1.0/embed2326.json]
[mimik.com/wp-json/oembed/1.0/embed6950.json]
[mimik.com/wp-json/wp/v2/categories/52.json]
[mimik.com/wp-json/oembed/1.0/embedbe55.json]
[mimik.com/wp-json/oembed/1.0/embed80a0.json]
[mimik.com/wp-json/oembed/1.0/embedfe1a.json]
[mimik.com/wp-json/oembed/1.0/embed6675.json]
[mimik.com/wp-json/wp/v2/pages/17.json]
[mimik.com/wp-json/oembed/1.0/embed4e7d.json]
[mimik.com/wp-json/oembed/1.0/embedca87.json]
[mimik.com/wp-json/oembed/1.0/embedb721.json]
[mimik.com/wp-json/oembed/1.0/embede222.json]
[mimik.com/wp-json/oembed/1.0/embed7e2b.json]
[mimik.com/wp-json/oembed/1.0/embed1e66.json]
[mimik.com/wp-json/oembed/1.0/embed8c74.json]
[mimik.com/wp-json/oembed/1.0/embedd109.json]
[mimik.com/wp-json/oembed/1.0/embeddf83.json]
[mimik.com/wp-json/oembed/1.0/embed1928.json]
[mimik.com/wp-json/oembed/1.0/embede827.json]
[ssl.gstatic.com/gb/images/b_8d5afc09.png]
[mimik.com/house-of-commons-of-canada-on-the-outbreak-of-the-corona-virus-w-google-mimik-ibm-short-ver/index.html]
[mimik.com/wp-content/themes/bricks/assets/css/frontend/content-default.min13dc.css]
[mimik.com/wp-content/uploads/2023/09/Edge-engine-landig-page.webp]
[mimik.com/wp-content/themes/bricks/assets/css/libs/tooltips.min13dc.css]
[mimik.com/wp-json/oembed/1.0/embed9032]
[mimik.com/wp-json/oembed/1.0/embedcf72]
[mimik.com/wp-json/oembed/1.0/embed37d8]
[mimik.com/wp-json/wp/v2/posts/78891.json]
[mimik.com/wp-json/oembed/1.0/embedf2ec]
[mimik.com/wp-json/oembed/1.0/embede6b1]
[mimik.com/wp-json/oembed/1.0/embed48bb]
[mimik.com/wp-json/oembed/1.0/embed5570]
[mimik.com/wp-json/oembed/1.0/embed849e]
[mimik.com/wp-json/oembed/1.0/embed8da0]
[mimik.com/wp-json/oembed/1.0/embed6c22]
[mimik.com/wp-json/oembed/1.0/embed0b60]
[mimik.com/wp-json/oembed/1.0/embedbcd5]
[mimik.com/wp-json/oembed/1.0/embedfcbd]
[mimik.com/wp-json/oembed/1.0/embed298d]
[mimik.com/deep-tech-sustainable-tech-mtl-connect-2020/index.html]
[mimik.com/wp-json/oembed/1.0/embed6911]
[mimik.com/wp-json/oembed/1.0/embed70f3]
[mimik.com/wp-json/oembed/1.0/embed14b6]
[mimik.com/wp-json/wp/v2/posts/74395.json]
[mimik.com/wp-json/oembed/1.0/embed1785]
[mimik.com/wp-json/oembed/1.0/embed260d]
[mimik.com/edge-cloud-use-cases/index.html]
[mimik.com/wp-json/oembed/1.0/embed9962]
[mimik.com/wp-json/oembed/1.0/embed29a8]
[mimik.com/wp-json/oembed/1.0/embedd9d6]
[mimik.com/wp-json/oembed/1.0/embed7b0d]
[mimik.com/wp-json/oembed/1.0/embeddebd]
[mimik.com/wp-json/oembed/1.0/embedb274]
[mimik.com/wp-json/oembed/1.0/embed49c3]
[mimik.com/wp-json/oembed/1.0/embed91b6]
[mimik.com/wp-json/oembed/1.0/embed326f]
[mimik.com/wp-json/wp/v2/our-events/81494.json]
[mimik.com/wp-json/oembed/1.0/embed6ed8]
[mimik.com/wp-json/oembed/1.0/embed28f2]
[mimik.com/wp-json/oembed/1.0/embed872c]
[mimik.com/wp-json/oembed/1.0/embed72b3]
[mimik.com/wp-json/oembed/1.0/embeddf16]
[mimik.com/wp-json/oembed/1.0/embed5920]
[mimik.com/wp-json/oembed/1.0/embed9461]
[mimik.com/wp-json/oembed/1.0/embed89b6]
[mimik.com/wp-json/oembed/1.0/embed6db1]
[mimik.com/wp-json/oembed/1.0/embed8705]
[mimik.com/wp-json/oembed/1.0/embed56a6]
[mimik.com/wp-json/wp/v2/awsm_job_openings/3558.json]
[mimik.com/wp-json/oembed/1.0/embed8b88]
[mimik.com/wp-json/wp/v2/users/13.json]
[mimik.com/wp-json/wp/v2/users/7.json]
[mimik.com/wp-json/wp/v2/users/12.json]
[mimik.com/wp-json/wp/v2/categories/85.json]
[mimik.com/wp-json/wp/v2/users/9.json]
[mimik.com/wp-json/wp/v2/users/8.json]
[mimik.com/wp-json/wp/v2/users/10.json]
[mimik.com/wp-json/oembed/1.0/embed74aa]
[mimik.com/wp-json/oembed/1.0/embed7a9c]
[mimik.com/wp-json/oembed/1.0/embede377]
[mimik.com/wp-json/oembed/1.0/embede28d]
[mimik.com/wp-content/plugins/wonderplugin-pdf-embed/pdfjslight/web/images/shadow.png]
[mimik.com/wp-json/oembed/1.0/embedc18f]
[mimik.com/wp-json/oembed/1.0/embed7fe7]
[mimik.com/wp-json/oembed/1.0/embedb70b]
[mimik.com/wp-json/oembed/1.0/embed0653]
[mimik.com/wp-content/plugins/wonderplugin-pdf-embed/pdfjslight/web/images/loading-icon.gif]
[mimik.com/wp-json/oembed/1.0/embed2970]
[mimik.com/wp-json/oembed/1.0/embed3d4c]
[mimik.com/wp-json/oembed/1.0/embed683a]
[mimik.com/wp-json/oembed/1.0/embed5524]
[mimik.com/wp-json/oembed/1.0/embedca2b]
[mimik.com/wp-json/oembed/1.0/embed533d]
[mimik.com/wp-json/oembed/1.0/embeddc8e]
[mimik.com/wp-json/oembed/1.0/embed1b40]
[mimik.com/wp-json/oembed/1.0/embedb070]
[mimik.com/wp-json/oembed/1.0/embed2760]
[mimik.com/wp-json/oembed/1.0/embedadb0]
[mimik.com/wp-json/oembed/1.0/embed30ff]
[mimik.com/wp-json/oembed/1.0/embed07c4]
[mimik.com/wp-json/oembed/1.0/embed580e]
[mimik.com/wp-json/oembed/1.0/embed64cf]
[mimik.com/wp-json/oembed/1.0/embed90dd]
[mimik.com/wp-json/oembed/1.0/embedc2ca]
[mimik.com/wp-json/oembed/1.0/embede518]
[mimik.com/wp-json/oembed/1.0/embed908f]
[mimik.com/wp-json/oembed/1.0/embedf0df]
[mimik.com/wp-json/oembed/1.0/embed5bec]
[mimik.com/wp-json/oembed/1.0/embed4083]
[mimik.com/wp-json/oembed/1.0/embed290a]
[mimik.com/wp-json/oembed/1.0/embed24b6]
[mimik.com/wp-json/oembed/1.0/embed84d0]
[mimik.com/wp-json/oembed/1.0/embedec77]
[mimik.com/wp-json/oembed/1.0/embed3373]
[mimik.com/wp-json/oembed/1.0/embed5557]
[mimik.com/wp-json/oembed/1.0/embed5c5a]
[mimik.com/wp-json/oembed/1.0/embed36fe]
[mimik.com/wp-json/oembed/1.0/embed8d94]
[mimik.com/wp-json/oembed/1.0/embedeea9]
[mimik.com/wp-json/oembed/1.0/embed55bc]
[mimik.com/wp-json/oembed/1.0/embed40c3]
[mimik.com/wp-json/oembed/1.0/embed9277]
[mimik.com/wp-json/oembed/1.0/embeddb64]
[mimik.com/wp-json/oembed/1.0/embedac6a]
[mimik.com/wp-json/oembed/1.0/embedfb52]
[mimik.com/wp-json/oembed/1.0/embed1d80]
[mimik.com/wp-json/oembed/1.0/embed5dcc]
[mimik.com/wp-json/oembed/1.0/embedfbc4]
[mimik.com/wp-json/oembed/1.0/embedbad3]
[mimik.com/wp-json/oembed/1.0/embedc6e9]
[mimik.com/wp-json/oembed/1.0/embed5a40]
[mimik.com/wp-json/oembed/1.0/embede0d8]
[mimik.com/wp-json/oembed/1.0/embed6e40]
[mimik.com/wp-json/oembed/1.0/embeda171]
[mimik.com/wp-json/oembed/1.0/embed54cc]
[mimik.com/wp-json/oembed/1.0/embed042f]
[mimik.com/wp-json/oembed/1.0/embedb39b]
[mimik.com/wp-json/oembed/1.0/embedcbf1]
[mimik.com/wp-content/plugins/wonderplugin-pdf-embed/pdfjslight/web/viewer83a7.css]
[mimik.com/wp-json/wp/v2/posts/52041.json]
[mimik.com/wp-json/wp/v2/users/11.json]
[mimik.com/wp-json/oembed/1.0/embed0054]
[mimik.com/wp-json/oembed/1.0/embedf1e2]
[mimik.com/wp-json/oembed/1.0/embedffdf]
[mimik.com/wp-json/oembed/1.0/embed39ec]
[mimik.com/wp-json/oembed/1.0/embedc907]
[mimik.com/wp-json/oembed/1.0/embedb374]
[mimik.com/wp-json/oembed/1.0/embed4421]
[mimik.com/wp-json/oembed/1.0/embed7a89]
[mimik.com/wp-json/oembed/1.0/embed48df]
[mimik.com/wp-json/oembed/1.0/embed1342]
[mimik.com/wp-json/oembed/1.0/embed7d50]
[mimik.com/wp-json/oembed/1.0/embed1e1e]
[mimik.com/wp-json/oembed/1.0/embedb148]
[mimik.com/wp-json/oembed/1.0/embedbb46]
[mimik.com/wp-json/oembed/1.0/embedd2e3]
[mimik.com/wp-json/oembed/1.0/embed0d4b]
[mimik.com/wp-json/oembed/1.0/embed7e39]
[mimik.com/wp-json/oembed/1.0/embed9f37]
[mimik.com/wp-json/oembed/1.0/embed86d7]
[mimik.com/wp-content/plugins/wp-job-openings/assets/fonts/awsm-jobs-icomoon062a.svg]
[mimik.com/wp-content/plugins/wp-job-openings/assets/img/loading.svg]
[mimik.com/wp-content/themes/bricks/assets/svg/audio/control-play.svg]
[mimik.com/wp-json/oembed/1.0/embed680e]
[mimik.com/wp-content/themes/bricks/assets/svg/audio/control-pause.svg]
[mimik.com/wp-content/themes/bricks/assets/svg/audio/control-volume-max.svg]
[mimik.com/wp-json/oembed/1.0/embed3d67]
[mimik.com/wp-content/themes/bricks/assets/svg/audio/control-mute.svg]
[mimik.com/wp-json/oembed/1.0/embedb290]
[mimik.com/wp-content/themes/bricks/assets/fonts/themify/themifyd41d.html]
[mimik.com/wp-json/oembed/1.0/embed6891]
[mimik.com/wp-json/oembed/1.0/embeda1e2]
[mimik.com/wp-json/oembed/1.0/embed1c5f]
[mimik.com/wp-json/oembed/1.0/embeddd21]
[mimik.com/wp-json/oembed/1.0/embed8612]
[mimik.com/wp-json/oembed/1.0/embedf23d]
[mimik.com/wp-json/oembed/1.0/embed1712]
[mimik.com/wp-json/oembed/1.0/embed85ac]
[mimik.com/wp-json/oembed/1.0/embede230.json]
[mimik.com/wp-json/oembed/1.0/embed51ab]
[mimik.com/deep-tech-sustainable-tech-mtl-connect-2020/index.html]
[mimik.com/wp-json/oembed/1.0/embed0593]
[mimik.com/wp-json/oembed/1.0/embed5549]
[mimik.com/wp-json/oembed/1.0/embedea9c]
[mimik.com/wp-json/oembed/1.0/embed3e61]
[mimik.com/wp-json/oembed/1.0/embed61fd]
[mimik.com/wp-json/oembed/1.0/embedefcb]
[mimik.com/wp-json/oembed/1.0/embed362b]
[mimik.com/wp-json/oembed/1.0/embed0f53]
[mimik.com/wp-json/oembed/1.0/embed8f4d]
[mimik.com/wp-json/oembed/1.0/embed8ab5]
[mimik.com/wp-json/oembed/1.0/embed3f12]
[mimik.com/wp-json/oembed/1.0/embedf2e9]
[mimik.com/wp-json/oembed/1.0/embed0e54]
[mimik.com/wp-json/oembed/1.0/embedc478]
[mimik.com/wp-json/oembed/1.0/embed84d6]
[mimik.com/wp-json/oembed/1.0/embed190e]
[mimik.com/wp-json/oembed/1.0/embedef11]
[mimik.com/wp-json/oembed/1.0/embedba76]
[mimik.com/wp-json/oembed/1.0/embed073b]
[mimik.com/wp-json/oembed/1.0/embedf650]
[mimik.com/wp-json/oembed/1.0/embed6acc]
[mimik.com/wp-json/oembed/1.0/embed0f55]
[mimik.com/wp-json/oembed/1.0/embede230.json]
[mimik.com/wp-json/oembed/1.0/embed03dc]
[mimik.com/wp-json/oembed/1.0/embedd2ae]
[mimik.com/wp-content/plugins/wonderplugin-pdf-embed/pdfjslight/web/images/loading.svg]
[mimik.com/wp-content/plugins/wonderplugin-pdf-embed/pdfjslight/web/images/treeitem-expanded.svg]
[mimik.com/wp-content/plugins/wonderplugin-pdf-embed/pdfjslight/web/images/treeitem-collapsed.svg]
[mimik.com/wp-content/plugins/wonderplugin-pdf-embed/pdfjslight/web/images/toolbarButton-menuArrow.svg]
[mimik.com/wp-content/plugins/wonderplugin-pdf-embed/pdfjslight/web/images/toolbarButton-sidebarToggle.svg]
[mimik.com/wp-content/plugins/wonderplugin-pdf-embed/pdfjslight/web/images/toolbarButton-secondaryToolbarToggle.svg]
[mimik.com/wp-content/plugins/wonderplugin-pdf-embed/pdfjslight/web/images/toolbarButton-pageUp.svg]
[mimik.com/wp-content/plugins/wonderplugin-pdf-embed/pdfjslight/web/images/toolbarButton-pageDown.svg]
[mimik.com/wp-content/plugins/wonderplugin-pdf-embed/pdfjslight/web/images/toolbarButton-zoomOut.svg]
[mimik.com/wp-content/plugins/wonderplugin-pdf-embed/pdfjslight/web/images/toolbarButton-zoomIn.svg]
[mimik.com/wp-content/plugins/wonderplugin-pdf-embed/pdfjslight/web/images/toolbarButton-presentationMode.svg]
[mimik.com/wp-content/plugins/wonderplugin-pdf-embed/pdfjslight/web/images/toolbarButton-print.svg]
[mimik.com/wp-content/plugins/wonderplugin-pdf-embed/pdfjslight/web/images/toolbarButton-openFile.svg]
[mimik.com/wp-content/plugins/wonderplugin-pdf-embed/pdfjslight/web/images/toolbarButton-download.svg]
[mimik.com/wp-content/plugins/wonderplugin-pdf-embed/pdfjslight/web/images/toolbarButton-bookmark.svg]
[mimik.com/wp-content/plugins/wonderplugin-pdf-embed/pdfjslight/web/images/toolbarButton-viewThumbnail.svg]
[mimik.com/wp-content/plugins/wonderplugin-pdf-embed/pdfjslight/web/images/toolbarButton-viewOutline.svg]
[mimik.com/wp-content/plugins/wonderplugin-pdf-embed/pdfjslight/web/images/toolbarButton-viewAttachments.svg]
[mimik.com/wp-content/plugins/wonderplugin-pdf-embed/pdfjslight/web/images/toolbarButton-viewLayers.svg]
[mimik.com/wp-content/plugins/wonderplugin-pdf-embed/pdfjslight/web/images/toolbarButton-currentOutlineItem.svg]
[mimik.com/wp-content/plugins/wonderplugin-pdf-embed/pdfjslight/web/images/toolbarButton-search.svg]
[mimik.com/wp-content/plugins/wonderplugin-pdf-embed/pdfjslight/web/images/findbarButton-previous.svg]
[mimik.com/wp-content/plugins/wonderplugin-pdf-embed/pdfjslight/web/images/findbarButton-next.svg]
[mimik.com/wp-content/plugins/wonderplugin-pdf-embed/pdfjslight/web/images/secondaryToolbarButton-firstPage.svg]
[mimik.com/wp-content/plugins/wonderplugin-pdf-embed/pdfjslight/web/images/secondaryToolbarButton-lastPage.svg]
[mimik.com/wp-content/plugins/wonderplugin-pdf-embed/pdfjslight/web/images/secondaryToolbarButton-rotateCcw.svg]
[mimik.com/wp-content/plugins/wonderplugin-pdf-embed/pdfjslight/web/images/secondaryToolbarButton-rotateCw.svg]
[mimik.com/wp-content/plugins/wonderplugin-pdf-embed/pdfjslight/web/images/secondaryToolbarButton-selectTool.svg]
[mimik.com/wp-content/plugins/wonderplugin-pdf-embed/pdfjslight/web/images/secondaryToolbarButton-handTool.svg]
[mimik.com/wp-content/plugins/wonderplugin-pdf-embed/pdfjslight/web/images/secondaryToolbarButton-scrollPage.svg]
[mimik.com/wp-content/plugins/wonderplugin-pdf-embed/pdfjslight/web/images/secondaryToolbarButton-scrollVertical.svg]
[mimik.com/wp-content/plugins/wonderplugin-pdf-embed/pdfjslight/web/images/secondaryToolbarButton-scrollHorizontal.svg]
[mimik.com/wp-content/plugins/wonderplugin-pdf-embed/pdfjslight/web/images/secondaryToolbarButton-scrollWrapped.svg]
[mimik.com/wp-content/plugins/wonderplugin-pdf-embed/pdfjslight/web/images/secondaryToolbarButton-spreadNone.svg]
[mimik.com/wp-content/plugins/wonderplugin-pdf-embed/pdfjslight/web/images/secondaryToolbarButton-spreadOdd.svg]
[mimik.com/wp-content/plugins/wonderplugin-pdf-embed/pdfjslight/web/images/secondaryToolbarButton-spreadEven.svg]
[mimik.com/wp-content/plugins/wonderplugin-pdf-embed/pdfjslight/web/images/secondaryToolbarButton-documentProperties.svg]
[mimik.com/wp-content/plugins/wonderplugin-pdf-embed/pdfjslight/web/images/loading-dark.svg]
[mimik.com/wp-content/plugins/wonderplugin-pdf-embed/pdfjslight/web/images/grab.html]
[mimik.com/wp-content/plugins/wonderplugin-pdf-embed/pdfjslight/web/images/grabbing.html]
[mimik.com/wp-json/wp/v2/posts/55993.json]
[mimik.com/index393f.html]
[mimik.com/mtl-connect-2020/index.html]
[mimik.com/wp-json/oembed/1.0/embeddb7f.json]
[mimik.com/wp-json/oembed/1.0/embedba75]
[mimik.com/mtl-connect-2020/index.html]
[stg-2x.mimik.com/wp-content/uploads/2023/10/01-1024x536.jpg]
[stg-2x.mimik.com/wp-content/uploads/2023/10/02-1024x581.jpg]
[stg-2x.mimik.com/wp-content/uploads/2023/10/03-1024x623.jpg]
[stg-2x.mimik.com/wp-content/uploads/2023/01/table-768x290.png]
[stg-2x.mimik.com/wp-content/uploads/2022/07/lamp.png]
[stg-2x.mimik.com/wp-content/uploads/2022/11/Picture1.png]
[stg-2x.mimik.com/wp-content/uploads/2022/11/Picture2.png]
[stg-2x.mimik.com/wp-content/uploads/2022/11/Picture3.png]
[stg-2x.mimik.com/wp-content/uploads/2022/11/Picture4.png]
[stg-2x.mimik.com/wp-content/uploads/2022/10/img1.png]
[stg-2x.mimik.com/wp-content/uploads/2022/10/img2.png]
[stg-2x.mimik.com/wp-content/uploads/2022/10/img3.png]
[stg-2x.mimik.com/wp-content/uploads/2022/07/information-exchange.png]
[stg-2x.mimik.com/wp-content/uploads/2022/07/microservices.png]
[stg-2x.mimik.com/wp-content/uploads/2022/07/data.png]
[stg-2x.mimik.com/wp-content/uploads/2022/07/sharing-data.png]
[stg-2x.mimik.com/wp-content/uploads/2022/07/device.png]
[stg-2x.mimik.com/wp-content/uploads/2022/04/66-150x150-1.png]
[stg-2x.mimik.com/wp-content/uploads/2021/03/zdeda-768x81.png]
[stg-2x.mimik.com/wp-content/uploads/2021/03/sam-armani-300x300.png]
[stg-2x.mimik.com/wp-content/uploads/elementor/thumbs/nitu-kaushal-p3mmuqqaww6raaxzdqf66qx6ddo0dap8ofswlbvsao.png]
[stg-2x.mimik.com/wp-content/uploads/elementor/thumbs/jason-p3mmvv5d2rq35jb9tpw4nypzwy4ska5p5zus887uv4.png]
[stg-2x.mimik.com/wp-content/uploads/elementor/thumbs/vera-p3mmx3brzzekb7j3nqzlf5knu231m21302ils8ecqo.png]
[stg-2x.mimik.com/wp-content/uploads/2021/03/lladiko.png]
[stg-2x.mimik.com/wp-content/uploads/elementor/thumbs/nutukaushal-p3mn01jjg9fyr58tfiwfqwrqyljiruqr2o8h0i0v7k.png]
[stg-2x.mimik.com/wp-content/uploads/elementor/thumbs/andreay-p3mn1anskb5q8ffa42ej2ldvh3d51bpv8vjs1s5yww.png]
[stg-2x.mimik.com/wp-content/uploads/2021/03/Group-86.png]
[stg-2x.mimik.com/wp-content/uploads/2021/03/fay-rojmandi-webinar-254x300.png]
[stg-2x.mimik.com/wp-content/uploads/2021/03/mainshah-237x300.png]
[stg-2x.mimik.com/wp-content/uploads/2021/03/rob-high-237x300.png]
[stg-2x.mimik.com/wp-content/uploads/2021/03/michelburger-248x300.png]
[stg-2x.mimik.com/wp-content/uploads/2021/10/Panel-keynote-1536x130.png]
[stg-2x.mimik.com/wp-content/uploads/2021/10/Panel-disscusion-1536x122.png]
[stg-2x.mimik.com/wp-content/uploads/2021/10/mimik-mtl-michel-patrick-rob-web-banner-1808x506-1-1024x286.png]
[stg-2x.mimik.com/wp-content/uploads/2021/10/web-banner-IEEE-5G-forum-michel-1808x506-1-1024x287.png]
[stg-2x.mimik.com/wp-content/uploads/elementor/thumbs/StephanieAtkinson-pb8aav6mjm7ie4y32kcza0pkw8hobk1r5h18ebyvns.png]
[stg-2x.mimik.com/wp-content/uploads/2021/08/SamArmani.png]
[stg-2x.mimik.com/wp-content/uploads/elementor/thumbs/Sanjaykumar-pb8abgswwt13t62okbpedd96k3j48lfkwg1efp2too.png]
[stg-2x.mimik.com/wp-content/uploads/elementor/thumbs/MattTrifiro--pb8achgmbcfadylfm9jukm05q4ifksh41hhc5hkgy0.png]
[stg-2x.mimik.com/wp-content/uploads/2021/06/Group-115@2x-1.png]
[stg-2x.mimik.com/wp-content/uploads/2021/06/CathieWood@2x-1-300x300.png]
[stg-2x.mimik.com/wp-content/uploads/2021/03/5g-webanner-1695x480-1-1024x290.png]
[stg-2x.mimik.com/wp-content/uploads/2021/03/fay-arjomandi-285x300.png]
[stg-2x.mimik.com/wp-content/uploads/elementor/thumbs/valerie-clark-p3q218tfk0oqmvky02laz7soxqkhf2d9d6rqvr4ki0.png]
[stg-2x.mimik.com/wp-content/uploads/elementor/thumbs/indrani-deb-p3q233jz1983j6w06dfte8yf43fjlkq7ad37yedm88.png]
[stg-2x.mimik.com/wp-content/uploads/elementor/thumbs/joshua-ness-p3q25olzturhgl4u2znvr3h1x8ovrlzmn5oagsjn48.png]
[mimik.com/wp-json/wp/v2/posts/55958.json]
[mimik.com/wp-json/oembed/1.0/embeddb7f.json]
[mimik.com/indexfc44.html]
